Component: ARM Compiler 5.06 update 6 (build 750) Tool: armlink [4d35ed]

==============================================================================

Section Cross References

    startup_stm32f103xb.o(STACK) refers (Special) to heapauxi.o(.text) for __use_two_region_memory
    startup_stm32f103xb.o(HEAP) refers (Special) to heapauxi.o(.text) for __use_two_region_memory
    startup_stm32f103xb.o(RESET) refers (Special) to heapauxi.o(.text) for __use_two_region_memory
    startup_stm32f103xb.o(RESET) refers to startup_stm32f103xb.o(STACK) for __initial_sp
    startup_stm32f103xb.o(RESET) refers to startup_stm32f103xb.o(.text) for Reset_Handler
    startup_stm32f103xb.o(RESET) refers to stm32f1xx_it.o(i.NMI_Handler) for NMI_Handler
    startup_stm32f103xb.o(RESET) refers to stm32f1xx_it.o(i.HardFault_Handler) for HardFault_Handler
    startup_stm32f103xb.o(RESET) refers to stm32f1xx_it.o(i.MemManage_Handler) for MemManage_Handler
    startup_stm32f103xb.o(RESET) refers to stm32f1xx_it.o(i.BusFault_Handler) for BusFault_Handler
    startup_stm32f103xb.o(RESET) refers to stm32f1xx_it.o(i.UsageFault_Handler) for UsageFault_Handler
    startup_stm32f103xb.o(RESET) refers to stm32f1xx_it.o(i.SVC_Handler) for SVC_Handler
    startup_stm32f103xb.o(RESET) refers to stm32f1xx_it.o(i.DebugMon_Handler) for DebugMon_Handler
    startup_stm32f103xb.o(RESET) refers to stm32f1xx_it.o(i.PendSV_Handler) for PendSV_Handler
    startup_stm32f103xb.o(RESET) refers to stm32f1xx_it.o(i.SysTick_Handler) for SysTick_Handler
    startup_stm32f103xb.o(.text) refers (Special) to heapauxi.o(.text) for __use_two_region_memory
    startup_stm32f103xb.o(.text) refers to system_stm32f1xx.o(i.SystemInit) for SystemInit
    startup_stm32f103xb.o(.text) refers to __main.o(!!!main) for __main
    startup_stm32f103xb.o(.text) refers to startup_stm32f103xb.o(HEAP) for Heap_Mem
    startup_stm32f103xb.o(.text) refers to startup_stm32f103xb.o(STACK) for Stack_Mem
    main.o(i.SystemClock_Config) refers to rt_memclr_w.o(.text) for __aeabi_memclr4
    main.o(i.SystemClock_Config) refers to stm32f1xx_hal_rcc.o(i.HAL_RCC_OscConfig) for HAL_RCC_OscConfig
    main.o(i.SystemClock_Config) refers to stm32f1xx_hal_rcc.o(i.HAL_RCC_ClockConfig) for HAL_RCC_ClockConfig
    main.o(i.SystemClock_Config) refers to stm32f1xx_hal_rcc_ex.o(i.HAL_RCCEx_PeriphCLKConfig) for HAL_RCCEx_PeriphCLKConfig
    main.o(i.main) refers to stm32f1xx_hal.o(i.HAL_Init) for HAL_Init
    main.o(i.main) refers to main.o(i.SystemClock_Config) for SystemClock_Config
    main.o(i.main) refers to gpio.o(i.MX_GPIO_Init) for MX_GPIO_Init
    main.o(i.main) refers to i2c.o(i.MX_I2C1_Init) for MX_I2C1_Init
    main.o(i.main) refers to rtc.o(i.MX_RTC_Init) for MX_RTC_Init
    main.o(i.main) refers to tim.o(i.MX_TIM1_Init) for MX_TIM1_Init
    main.o(i.main) refers to usart.o(i.MX_USART3_UART_Init) for MX_USART3_UART_Init
    main.o(i.main) refers to maintask.o(i.maintaskInit) for maintaskInit
    main.o(i.main) refers to maintask.o(i.maintask) for maintask
    gpio.o(i.MX_GPIO_Init) refers to stm32f1xx_hal_gpio.o(i.HAL_GPIO_Init) for HAL_GPIO_Init
    i2c.o(i.HAL_I2C_MspDeInit) refers to stm32f1xx_hal_gpio.o(i.HAL_GPIO_DeInit) for HAL_GPIO_DeInit
    i2c.o(i.HAL_I2C_MspInit) refers to stm32f1xx_hal_gpio.o(i.HAL_GPIO_Init) for HAL_GPIO_Init
    i2c.o(i.MX_I2C1_Init) refers to stm32f1xx_hal_i2c.o(i.HAL_I2C_Init) for HAL_I2C_Init
    i2c.o(i.MX_I2C1_Init) refers to main.o(i.Error_Handler) for Error_Handler
    i2c.o(i.MX_I2C1_Init) refers to i2c.o(.bss) for .bss
    rtc.o(i.HAL_RTC_MspInit) refers to stm32f1xx_hal_pwr.o(i.HAL_PWR_EnableBkUpAccess) for HAL_PWR_EnableBkUpAccess
    rtc.o(i.MX_RTC_Init) refers to my_rtc.o(i.MY_RTC_Init) for MY_RTC_Init
    rtc.o(i.MX_RTC_Init) refers to rtc.o(.bss) for .bss
    tim.o(i.HAL_TIM_Encoder_MspDeInit) refers to stm32f1xx_hal_gpio.o(i.HAL_GPIO_DeInit) for HAL_GPIO_DeInit
    tim.o(i.HAL_TIM_Encoder_MspInit) refers to stm32f1xx_hal_gpio.o(i.HAL_GPIO_Init) for HAL_GPIO_Init
    tim.o(i.MX_TIM1_Init) refers to rt_memclr_w.o(.text) for __aeabi_memclr4
    tim.o(i.MX_TIM1_Init) refers to stm32f1xx_hal_tim.o(i.HAL_TIM_Encoder_Init) for HAL_TIM_Encoder_Init
    tim.o(i.MX_TIM1_Init) refers to main.o(i.Error_Handler) for Error_Handler
    tim.o(i.MX_TIM1_Init) refers to stm32f1xx_hal_tim_ex.o(i.HAL_TIMEx_MasterConfigSynchronization) for HAL_TIMEx_MasterConfigSynchronization
    tim.o(i.MX_TIM1_Init) refers to tim.o(.bss) for .bss
    usart.o(i.HAL_UART_MspDeInit) refers to stm32f1xx_hal_gpio.o(i.HAL_GPIO_DeInit) for HAL_GPIO_DeInit
    usart.o(i.HAL_UART_MspInit) refers to stm32f1xx_hal_gpio.o(i.HAL_GPIO_Init) for HAL_GPIO_Init
    usart.o(i.MX_USART3_UART_Init) refers to stm32f1xx_hal_uart.o(i.HAL_UART_Init) for HAL_UART_Init
    usart.o(i.MX_USART3_UART_Init) refers to main.o(i.Error_Handler) for Error_Handler
    usart.o(i.MX_USART3_UART_Init) refers to usart.o(.bss) for .bss
[...]
    ../clib/angel/sysapp.c                   0x00000000   Number         0  sys_command.o ABSOLUTE
    ../clib/angel/sysapp.c                   0x00000000   Number         0  sys_wrch.o ABSOLUTE
    ../clib/armsys.c                         0x00000000   Number         0  argv_veneer.o ABSOLUTE
    ../clib/armsys.c                         0x00000000   Number         0  _get_argv_nomalloc.o ABSOLUTE
    ../clib/armsys.c                         0x00000000   Number         0  argv_veneer.o ABSOLUTE
    ../clib/armsys.c                         0x00000000   Number         0  no_argv.o ABSOLUTE
    ../clib/heapalloc.c                      0x00000000   Number         0  hrguard.o ABSOLUTE
    ../clib/heapaux.c                        0x00000000   Number         0  heapauxi.o ABSOLUTE
    ../clib/libinit.s                        0x00000000   Number         0  libinit2.o ABSOLUTE
    ../clib/libinit.s                        0x00000000   Number         0  libinit.o ABSOLUTE
    ../clib/libinit.s                        0x00000000   Number         0  libshutdown2.o ABSOLUTE
    ../clib/libinit.s                        0x00000000   Number         0  libshutdown.o ABSOLUTE
    ../clib/longlong.s                       0x00000000   Number         0  llushr.o ABSOLUTE
    ../clib/memcpset.s                       0x00000000   Number         0  rt_memclr_w.o ABSOLUTE
    ../clib/memcpset.s                       0x00000000   Number         0  rt_memcpy_w.o ABSOLUTE
    ../clib/memcpset.s                       0x00000000   Number         0  rt_memcpy_v6.o ABSOLUTE
    ../clib/memcpset.s                       0x00000000   Number         0  rt_memclr.o ABSOLUTE
    ../clib/misc.s                           0x00000000   Number         0  printf_stubs.o ABSOLUTE
    ../clib/printf.c                         0x00000000   Number         0  __printf_nopercent.o ABSOLUTE
    ../clib/printf.c                         0x00000000   Number         0  _printf_intcommon.o ABSOLUTE
    ../clib/printf.c                         0x00000000   Number         0  _sputc.o ABSOLUTE
    ../clib/printf.c                         0x00000000   Number         0  __2sprintf.o ABSOLUTE
    ../clib/printf.c                         0x00000000   Number         0  noretval__2sprintf.o ABSOLUTE
    ../clib/printf.c                         0x00000000   Number         0  __printf.o ABSOLUTE
    ../clib/printf.c                         0x00000000   Number         0  _printf_pad.o ABSOLUTE
    ../clib/printf.c                         0x00000000   Number         0  _printf_char_common.o ABSOLUTE
    ../clib/printf.c                         0x00000000   Number         0  _printf_dec.o ABSOLUTE
    ../clib/printf.c                         0x00000000   Number         0  __printf_flags.o ABSOLUTE
    ../clib/printf.c                         0x00000000   Number         0  __printf_ss.o ABSOLUTE
    ../clib/printf.c                         0x00000000   Number         0  __printf_flags_ss.o ABSOLUTE
    ../clib/printf.c                         0x00000000   Number         0  __printf_wp.o ABSOLUTE
    ../clib/printf.c                         0x00000000   Number         0  __printf_flags_wp.o ABSOLUTE
    ../clib/printf.c                         0x00000000   Number         0  __printf_ss_wp.o ABSOLUTE
    ../clib/printf.c                         0x00000000   Number         0  __printf_flags_ss_wp.o ABSOLUTE
    ../clib/printf_percent.s                 0x00000000   Number         0  _printf_percent_end.o ABSOLUTE
    ../clib/printf_percent.s                 0x00000000   Number         0  _printf_d.o ABSOLUTE
    ../clib/printf_percent.s                 0x00000000   Number         0  _printf_percent.o ABSOLUTE
    ../clib/signal.c                         0x00000000   Number         0  defsig_rtmem_inner.o ABSOLUTE
    ../clib/signal.c                         0x00000000   Number         0  defsig_exit.o ABSOLUTE
    ../clib/signal.c                         0x00000000   Number         0  defsig_pvfn_inner.o ABSOLUTE
    ../clib/signal.c                         0x00000000   Number         0  defsig_rtmem_formal.o ABSOLUTE
    ../clib/signal.c                         0x00000000   Number         0  defsig_rtmem_outer.o ABSOLUTE
    ../clib/signal.c                         0x00000000   Number         0  defsig_stak_inner.o ABSOLUTE
    ../clib/signal.c                         0x00000000   Number         0  defsig_abrt_inner.o ABSOLUTE
    ../clib/signal.c                         0x00000000   Number         0  defsig_general.o ABSOLUTE
    ../clib/signal.c                         0x00000000   Number         0  __raise.o ABSOLUTE
    ../clib/signal.c                         0x00000000   Number         0  defsig_rtred_inner.o ABSOLUTE
    ../clib/signal.c                         0x00000000   Number         0  defsig_fpe_inner.o ABSOLUTE
    ../clib/signal.c                         0x00000000   Number         0  defsig_other.o ABSOLUTE
    ../clib/signal.c                         0x00000000   Number         0  defsig_segv_inner.o ABSOLUTE
    ../clib/signal.c                         0x00000000   Number         0  defsig_cppl_inner.o ABSOLUTE
    ../clib/signal.s                         0x00000000   Number         0  defsig.o ABSOLUTE
    ../clib/stdlib.c                         0x00000000   Number         0  exit.o ABSOLUTE
    ../clib/string.c                         0x00000000   Number         0  strlen.o ABSOLUTE
    ../clib/string.c                         0x00000000   Number         0  memcmp.o ABSOLUTE
    ../clib/time.c                           0x00000000   Number         0  mktime.o ABSOLUTE
    ../clib/time.c                           0x00000000   Number         0  localtime.o ABSOLUTE
    ../clib/time.c                           0x00000000   Number         0  _monlen.o ABSOLUTE
    ../clib/time.c                           0x00000000   Number         0  localtime_internal.o ABSOLUTE
    ../fplib/daddsub.s                       0x00000000   Number         0  daddsub_clz.o ABSOLUTE
    ../fplib/dfix.s                          0x00000000   Number         0  dfix.o ABSOLUTE
    ../fplib/dflt.s                          0x00000000   Number         0  dflt_clz.o ABSOLUTE
    ../fplib/dmul.s                          0x00000000   Number         0  dmul.o ABSOLUTE
    ../fplib/dnaninf.s                       0x00000000   Number         0  dnaninf.o ABSOLUTE
    ../fplib/dretinf.s                       0x00000000   Number         0  dretinf.o ABSOLUTE
    ../fplib/fpinit.s                        0x00000000   Number         0  fpinit.o ABSOLUTE
    ../fplib/usenofp.s                       0x00000000   Number         0  usenofp.o ABSOLUTE
    ..\BSP\key\key.c                         0x00000000   Number         0  key.o ABSOLUTE
    ..\BSP\knob\knob.c                       0x00000000   Number         0  knob.o ABSOLUTE
    ..\BSP\oled\font.c                       0x00000000   Number         0  font.o ABSOLUTE
    ..\BSP\oled\oled.c                       0x00000000   Number         0  oled.o ABSOLUTE
    ..\BSP\rtc\my_rtc.c                      0x00000000   Number         0  my_rtc.o ABSOLUTE
    ..\BSP\task\maintask.c                   0x00000000   Number         0  maintask.o ABSOLUTE
    ..\Core\Src\gpio.c                       0x00000000   Number         0  gpio.o ABSOLUTE
    ..\Core\Src\i2c.c                        0x00000000   Number         0  i2c.o ABSOLUTE
    ..\Core\Src\main.c                       0x00000000   Number         0  main.o ABSOLUTE
    ..\Core\Src\rtc.c                        0x00000000   Number         0  rtc.o ABSOLUTE
    ..\Core\Src\stm32f1xx_hal_msp.c          0x00000000   Number         0  stm32f1xx_hal_msp.o ABSOLUTE
    ..\Core\Src\stm32f1xx_it.c               0x00000000   Number         0  stm32f1xx_it.o ABSOLUTE
    ..\Core\Src\system_stm32f1xx.c           0x00000000   Number         0  system_stm32f1xx.o ABSOLUTE
    ..\Core\Src\tim.c                        0x00000000   Number         0  tim.o ABSOLUTE
    ..\Core\Src\usart.c                      0x00000000   Number         0  usart.o ABSOLUTE
    ..\Drivers\STM32F1xx_HAL_Driver\Src\stm32f1xx_hal.c 0x00000000   Number         0  stm32f1xx_hal.o ABSOLUTE
    ..\Drivers\STM32F1xx_HAL_Driver\Src\stm32f1xx_hal_cortex.c 0x00000000   Number         0  stm32f1xx_hal_cortex.o ABSOLUTE
    ..\Drivers\STM32F1xx_HAL_Driver\Src\stm32f1xx_hal_dma.c 0x00000000   Number         0  stm32f1xx_hal_dma.o ABSOLUTE
    ..\Drivers\STM32F1xx_HAL_Driver\Src\stm32f1xx_hal_exti.c 0x00000000   Number         0  stm32f1xx_hal_exti.o ABSOLUTE
    ..\Drivers\STM32F1xx_HAL_Driver\Src\stm32f1xx_hal_flash.c 0x00000000   Number         0  stm32f1xx_hal_flash.o ABSOLUTE
    ..\Drivers\STM32F1xx_HAL_Driver\Src\stm32f1xx_hal_flash_ex.c 0x00000000   Number         0  stm32f1xx_hal_flash_ex.o ABSOLUTE
    ..\Drivers\STM32F1xx_HAL_Driver\Src\stm32f1xx_hal_gpio.c 0x00000000   Number         0  stm32f1xx_hal_gpio.o ABSOLUTE
    ..\Drivers\STM32F1xx_HAL_Driver\Src\stm32f1xx_hal_gpio_ex.c 0x00000000   Number         0  stm32f1xx_hal_gpio_ex.o ABSOLUTE
    ..\Drivers\STM32F1xx_HAL_Driver\Src\stm32f1xx_hal_i2c.c 0x00000000   Number         0  stm32f1xx_hal_i2c.o ABSOLUTE
    ..\Drivers\STM32F1xx_HAL_Driver\Src\stm32f1xx_hal_pwr.c 0x00000000   Number         0  stm32f1xx_hal_pwr.o ABSOLUTE
    ..\Drivers\STM32F1xx_HAL_Driver\Src\stm32f1xx_hal_rcc.c 0x00000000   Number         0  stm32f1xx_hal_rcc.o ABSOLUTE
    ..\Drivers\STM32F1xx_HAL_Driver\Src\stm32f1xx_hal_rcc_ex.c 0x00000000   Number         0  stm32f1xx_hal_rcc_ex.o ABSOLUTE
    ..\Drivers\STM32F1xx_HAL_Driver\Src\stm32f1xx_hal_rtc.c 0x00000000   Number         0  stm32f1xx_hal_rtc.o ABSOLUTE
    ..\Drivers\STM32F1xx_HAL_Driver\Src\stm32f1xx_hal_rtc_ex.c 0x00000000   Number         0  stm32f1xx_hal_rtc_ex.o ABSOLUTE
    ..\Drivers\STM32F1xx_HAL_Driver\Src\stm32f1xx_hal_tim.c 0x00000000   Number         0  stm32f1xx_hal_tim.o ABSOLUTE
    ..\Drivers\STM32F1xx_HAL_Driver\Src\stm32f1xx_hal_tim_ex.c 0x00000000   Number         0  stm32f1xx_hal_tim_ex.o ABSOLUTE
    ..\Drivers\STM32F1xx_HAL_Driver\Src\stm32f1xx_hal_uart.c 0x00000000   Number         0  stm32f1xx_hal_uart.o ABSOLUTE
    ..\\BSP\\key\\key.c                      0x00000000   Number         0  key.o ABSOLUTE
    ..\\BSP\\knob\\knob.c                    0x00000000   Number         0  knob.o ABSOLUTE
    ..\\BSP\\oled\\oled.c                    0x00000000   Number         0  oled.o ABSOLUTE
    ..\\BSP\\rtc\\my_rtc.c                   0x00000000   Number         0  my_rtc.o ABSOLUTE
    ..\\BSP\\task\\maintask.c                0x00000000   Number         0  maintask.o ABSOLUTE
    dc.s                                     0x00000000   Number         0  dc.o ABSOLUTE
    startup_stm32f103xb.s                    0x00000000   Number         0  startup_stm32f103xb.o ABSOLUTE
    RESET                                    0x08000000   Section      236  startup_stm32f103xb.o(RESET)
    !!!main                                  0x080000ec   Section        8  __main.o(!!!main)
    !!!scatter                               0x080000f4   Section       52  __scatter.o(!!!scatter)
    !!handler_copy                           0x08000128   Section       26  __scatter_copy.o(!!handler_copy)
    !!handler_zi                             0x08000144   Section       28  __scatter_zi.o(!!handler_zi)
    .ARM.Collect$$_printf_percent$$00000000  0x08000160   Section        0  _printf_percent.o(.ARM.Collect$$_printf_percent$$00000000)
    .ARM.Collect$$_printf_percent$$00000009  0x08000160   Section        6  _printf_d.o(.ARM.Collect$$_printf_percent$$00000009)
    .ARM.Collect$$_printf_percent$$00000017  0x08000166   Section        4  _printf_percent_end.o(.ARM.Collect$$_printf_percent$$00000017)
    .ARM.Collect$$libinit$$00000000          0x0800016a   Section        2  libinit.o(.ARM.Collect$$libinit$$00000000)
    .ARM.Collect$$libinit$$00000002          0x0800016c   Section        0  libinit2.o(.ARM.Collect$$libinit$$00000002)
    .ARM.Collect$$libinit$$00000004          0x0800016c   Section        0  libinit2.o(.ARM.Collect$$libinit$$00000004)
    .ARM.Collect$$libinit$$0000000A          0x0800016c   Section        0  libinit2.o(.ARM.Collect$$libinit$$0000000A)
    .ARM.Collect$$libinit$$0000000C          0x0800016c   Section        0  libinit2.o(.ARM.Collect$$libinit$$0000000C)
    .ARM.Collect$$libinit$$0000000E          0x0800016c   Section        0  libinit2.o(.ARM.Collect$$libinit$$0000000E)
    .ARM.Collect$$libinit$$00000011          0x0800016c   Section        0  libinit2.o(.ARM.Collect$$libinit$$00000011)
    .ARM.Collect$$libinit$$00000013          0x0800016c   Section        0  libinit2.o(.ARM.Collect$$libinit$$00000013)
    .ARM.Collect$$libinit$$00000015          0x0800016c   Section        0  libinit2.o(.ARM.Collect$$libinit$$00000015)
    .ARM.Collect$$libinit$$00000017          0x0800016c   Section        0  libinit2.o(.ARM.Collect$$libinit$$00000017)
    .ARM.Collect$$libinit$$00000019          0x0800016c   Section        0  libinit2.o(.ARM.Collect$$libinit$$00000019)
    .ARM.Collect$$libinit$$0000001B          0x0800016c   Section        0  libinit2.o(.ARM.Collect$$libinit$$0000001B)
    .ARM.Collect$$libinit$$0000001D          0x0800016c   Section        0  libinit2.o(.ARM.Collect$$libinit$$0000001D)
    .ARM.Collect$$libinit$$0000001F          0x0800016c   Section        0  libinit2.o(.ARM.Collect$$libinit$$0000001F)
    .ARM.Collect$$libinit$$00000021          0x0800016c   Section        0  libinit2.o(.ARM.Collect$$libinit$$00000021)
    .ARM.Collect$$libinit$$00000023          0x0800016c   Section        0  libinit2.o(.ARM.Collect$$libinit$$00000023)
    .ARM.Collect$$libinit$$00000025          0x0800016c   Section        0  libinit2.o(.ARM.Collect$$libinit$$00000025)
    .ARM.Collect$$libinit$$0000002C          0x0800016c   Section        0  libinit2.o(.ARM.Collect$$libinit$$0000002C)
    .ARM.Collect$$libinit$$0000002E          0x0800016c   Section        0  libinit2.o(.ARM.Collect$$libinit$$0000002E)
    .ARM.Collect$$libinit$$00000030          0x0800016c   Section        0  libinit2.o(.ARM.Collect$$libinit$$00000030)
    .ARM.Collect$$libinit$$00000032          0x0800016c   Section        0  libinit2.o(.ARM.Collect$$libinit$$00000032)
    .ARM.Collect$$libinit$$00000033          0x0800016c   Section        2  libinit2.o(.ARM.Collect$$libinit$$00000033)
    .ARM.Collect$$libshutdown$$00000000      0x0800016e   Section        2  libshutdown.o(.ARM.Collect$$libshutdown$$00000000)
    .ARM.Collect$$libshutdown$$00000002      0x08000170   Section        0  libshutdown2.o(.ARM.Collect$$libshutdown$$00000002)
    .ARM.Collect$$libshutdown$$00000004      0x08000170   Section        0  libshutdown2.o(.ARM.Collect$$libshutdown$$00000004)
    .ARM.Collect$$libshutdown$$00000007      0x08000170   Section        0  libshutdown2.o(.ARM.Collect$$libshutdown$$00000007)
    .ARM.Collect$$libshutdown$$0000000A      0x08000170   Section        0  libshutdown2.o(.ARM.Collect$$libshutdown$$0000000A)
    .ARM.Collect$$libshutdown$$0000000C      0x08000170   Section        0  libshutdown2.o(.ARM.Collect$$libshutdown$$0000000C)
    .ARM.Collect$$libshutdown$$0000000F      0x08000170   Section        0  libshutdown2.o(.ARM.Collect$$libshutdown$$0000000F)
    .ARM.Collect$$libshutdown$$00000010      0x08000170   Section        2  libshutdown2.o(.ARM.Collect$$libshutdown$$00000010)
    .ARM.Collect$$rtentry$$00000000          0x08000172   Section        0  __rtentry.o(.ARM.Collect$$rtentry$$00000000)
    .ARM.Collect$$rtentry$$00000002          0x08000172   Section        0  __rtentry2.o(.ARM.Collect$$rtentry$$00000002)
    .ARM.Collect$$rtentry$$00000004          0x08000172   Section        6  __rtentry4.o(.ARM.Collect$$rtentry$$00000004)
    .ARM.Collect$$rtentry$$00000009          0x08000178   Section        0  __rtentry2.o(.ARM.Collect$$rtentry$$00000009)
    .ARM.Collect$$rtentry$$0000000A          0x08000178   Section        4  __rtentry2.o(.ARM.Collect$$rtentry$$0000000A)
    .ARM.Collect$$rtentry$$0000000C          0x0800017c   Section        0  __rtentry2.o(.ARM.Collect$$rtentry$$0000000C)
    .ARM.Collect$$rtentry$$0000000D          0x0800017c   Section        8  __rtentry2.o(.ARM.Collect$$rtentry$$0000000D)
    .ARM.Collect$$rtexit$$00000000           0x08000184   Section        2  rtexit.o(.ARM.Collect$$rtexit$$00000000)
    .ARM.Collect$$rtexit$$00000002           0x08000186   Section        0  rtexit2.o(.ARM.Collect$$rtexit$$00000002)
    .ARM.Collect$$rtexit$$00000003           0x08000186   Section        4  rtexit2.o(.ARM.Collect$$rtexit$$00000003)
    .ARM.Collect$$rtexit$$00000004           0x0800018a   Section        6  rtexit2.o(.ARM.Collect$$rtexit$$00000004)
    .text                                    0x08000190   Section       64  startup_stm32f103xb.o(.text)
    .text                                    0x080001d0   Section        0  noretval__2sprintf.o(.text)
    .text                                    0x080001f8   Section        0  _printf_pad.o(.text)
    .text                                    0x08000248   Section        0  _printf_dec.o(.text)
    .text                                    0x080002c0   Section        0  __printf_flags_wp.o(.text)
    .text                                    0x080003f8   Section        0  strlen.o(.text)
    .text                                    0x08000436   Section      138  rt_memcpy_v6.o(.text)
    .text                                    0x080004c0   Section      100  rt_memcpy_w.o(.text)
    .text                                    0x08000524   Section       68  rt_memclr.o(.text)
    .text                                    0x08000568   Section       78  rt_memclr_w.o(.text)
    .text                                    0x080005b8   Section        0  localtime.o(.text)
    .text                                    0x080005c4   Section        0  mktime.o(.text)
    _tm_carry                                0x080005c5   Thumb Code    62  mktime.o(.text)
    .text                                    0x08000770   Section        0  heapauxi.o(.text)
    .text                                    0x08000776   Section        0  _printf_intcommon.o(.text)
    .text                                    0x08000828   Section        0  _printf_char_common.o(.text)
    _printf_input_char                       0x08000829   Thumb Code    10  _printf_char_common.o(.text)
    .text                                    0x08000858   Section        0  _sputc.o(.text)
    .text                                    0x08000864   Section        0  localtime_internal.o(.text)
    .text                                    0x0800091c   Section       74  sys_stackheap_outer.o(.text)
    .text                                    0x08000966   Section        0  exit.o(.text)
    .text                                    0x08000978   Section        8  libspace.o(.text)
    .text                                    0x08000980   Section        0  sys_exit.o(.text)
    .text                                    0x0800098c   Section        2  use_no_semi.o(.text)
    .text                                    0x0800098e   Section        0  indicate_semi.o(.text)
    i.BusFault_Handler                       0x0800098e   Section        0  stm32f1xx_it.o(i.BusFault_Handler)
    i.DebugMon_Handler                       0x08000990   Section        0  stm32f1xx_it.o(i.DebugMon_Handler)
    i.Error_Handler                          0x08000992   Section        0  main.o(i.Error_Handler)
    i.GetCounter                             0x08000998   Section        0  knob.o(i.GetCounter)
    i.HAL_Delay                              0x080009a4   Section        0  stm32f1xx_hal.o(i.HAL_Delay)
    i.HAL_GPIO_Init                          0x080009c8   Section        0  stm32f1xx_hal_gpio.o(i.HAL_GPIO_Init)
    i.HAL_GPIO_ReadPin                       0x08000ba8   Section        0  stm32f1xx_hal_gpio.o(i.HAL_GPIO_ReadPin)
    i.HAL_GetTick                            0x08000bb4   Section        0  stm32f1xx_hal.o(i.HAL_GetTick)
    i.HAL_I2C_Init                           0x08000bc0   Section        0  stm32f1xx_hal_i2c.o(i.HAL_I2C_Init)
    i.HAL_I2C_Master_Transmit                0x08000d48   Section        0  stm32f1xx_hal_i2c.o(i.HAL_I2C_Master_Transmit)
    i.HAL_I2C_MspInit                        0x08000e74   Section        0  i2c.o(i.HAL_I2C_MspInit)
    i.HAL_IncTick                            0x08000ed0   Section        0  stm32f1xx_hal.o(i.HAL_IncTick)
    i.HAL_Init                               0x08000ee0   Section        0  stm32f1xx_hal.o(i.HAL_Init)
    i.HAL_InitTick                           0x08000f04   Section        0  stm32f1xx_hal.o(i.HAL_InitTick)
    i.HAL_MspInit                            0x08000f44   Section        0  stm32f1xx_hal_msp.o(i.HAL_MspInit)
    i.HAL_NVIC_SetPriority                   0x08000f80   Section        0  stm32f1xx_hal_cortex.o(i.HAL_NVIC_SetPriority)
    i.HAL_NVIC_SetPriorityGrouping           0x08000fc0   Section        0  stm32f1xx_hal_cortex.o(i.HAL_NVIC_SetPriorityGrouping)
    i.HAL_PWR_EnableBkUpAccess               0x08000fe4   Section        0  stm32f1xx_hal_pwr.o(i.HAL_PWR_EnableBkUpAccess)
    i.HAL_RCCEx_GetPeriphCLKFreq             0x08000ff0   Section        0  stm32f1xx_hal_rcc_ex.o(i.HAL_RCCEx_GetPeriphCLKFreq)
    i.HAL_RCCEx_PeriphCLKConfig              0x08001094   Section        0  stm32f1xx_hal_rcc_ex.o(i.HAL_RCCEx_PeriphCLKConfig)
    i.HAL_RCC_ClockConfig                    0x08001180   Section        0  stm32f1xx_hal_rcc.o(i.HAL_RCC_ClockConfig)
    i.HAL_RCC_GetPCLK1Freq                   0x080012ac   Section        0  stm32f1xx_hal_rcc.o(i.HAL_RCC_GetPCLK1Freq)
    i.HAL_RCC_GetPCLK2Freq                   0x080012cc   Section        0  stm32f1xx_hal_rcc.o(i.HAL_RCC_GetPCLK2Freq)
    i.HAL_RCC_GetSysClockFreq                0x080012ec   Section        0  stm32f1xx_hal_rcc.o(i.HAL_RCC_GetSysClockFreq)
    i.HAL_RCC_OscConfig                      0x08001338   Section        0  stm32f1xx_hal_rcc.o(i.HAL_RCC_OscConfig)
    i.HAL_RTCEx_BKUPRead                     0x08001658   Section        0  stm32f1xx_hal_rtc_ex.o(i.HAL_RTCEx_BKUPRead)
    i.HAL_RTCEx_BKUPWrite                    0x08001668   Section        0  stm32f1xx_hal_rtc_ex.o(i.HAL_RTCEx_BKUPWrite)
    i.HAL_RTC_Init                           0x08001678   Section        0  stm32f1xx_hal_rtc.o(i.HAL_RTC_Init)
    i.HAL_RTC_MspInit                        0x0800170c   Section        0  rtc.o(i.HAL_RTC_MspInit)
    i.HAL_RTC_WaitForSynchro                 0x08001740   Section        0  stm32f1xx_hal_rtc.o(i.HAL_RTC_WaitForSynchro)
    i.HAL_SYSTICK_Config                     0x0800177a   Section        0  stm32f1xx_hal_cortex.o(i.HAL_SYSTICK_Config)
    i.HAL_TIMEx_MasterConfigSynchronization  0x080017a4   Section        0  stm32f1xx_hal_tim_ex.o(i.HAL_TIMEx_MasterConfigSynchronization)
    i.HAL_TIM_Encoder_Init                   0x0800180c   Section        0  stm32f1xx_hal_tim.o(i.HAL_TIM_Encoder_Init)
    i.HAL_TIM_Encoder_MspInit                0x080018b0   Section        0  tim.o(i.HAL_TIM_Encoder_MspInit)
    i.HAL_TIM_Encoder_Start                  0x08001908   Section        0  stm32f1xx_hal_tim.o(i.HAL_TIM_Encoder_Start)
    i.HAL_UART_Init                          0x08001996   Section        0  stm32f1xx_hal_uart.o(i.HAL_UART_Init)
    i.HAL_UART_MspInit                       0x080019fc   Section        0  usart.o(i.HAL_UART_MspInit)
    i.HardFault_Handler                      0x08001a6c   Section        0  stm32f1xx_it.o(i.HardFault_Handler)
    i.I2C_IsAcknowledgeFailed                0x08001a6e   Section        0  stm32f1xx_hal_i2c.o(i.I2C_IsAcknowledgeFailed)
    I2C_IsAcknowledgeFailed                  0x08001a6f   Thumb Code    46  stm32f1xx_hal_i2c.o(i.I2C_IsAcknowledgeFailed)
    i.I2C_MasterRequestWrite                 0x08001a9c   Section        0  stm32f1xx_hal_i2c.o(i.I2C_MasterRequestWrite)
    I2C_MasterRequestWrite                   0x08001a9d   Thumb Code   150  stm32f1xx_hal_i2c.o(i.I2C_MasterRequestWrite)
    i.I2C_WaitOnBTFFlagUntilTimeout          0x08001b38   Section        0  stm32f1xx_hal_i2c.o(i.I2C_WaitOnBTFFlagUntilTimeout)
    I2C_WaitOnBTFFlagUntilTimeout            0x08001b39   Thumb Code    86  stm32f1xx_hal_i2c.o(i.I2C_WaitOnBTFFlagUntilTimeout)
    i.I2C_WaitOnFlagUntilTimeout             0x08001b90   Section        0  stm32f1xx_hal_i2c.o(i.I2C_WaitOnFlagUntilTimeout)
    I2C_WaitOnFlagUntilTimeout               0x08001b91   Thumb Code   144  stm32f1xx_hal_i2c.o(i.I2C_WaitOnFlagUntilTimeout)
    i.I2C_WaitOnMasterAddressFlagUntilTimeout 0x08001c20   Section        0  stm32f1xx_hal_i2c.o(i.I2C_WaitOnMasterAddressFlagUntilTimeout)
    I2C_WaitOnMasterAddressFlagUntilTimeout  0x08001c21   Thumb Code   188  stm32f1xx_hal_i2c.o(i.I2C_WaitOnMasterAddressFlagUntilTimeout)
    i.I2C_WaitOnTXEFlagUntilTimeout          0x08001cdc   Section        0  stm32f1xx_hal_i2c.o(i.I2C_WaitOnTXEFlagUntilTimeout)
    I2C_WaitOnTXEFlagUntilTimeout            0x08001cdd   Thumb Code    86  stm32f1xx_hal_i2c.o(i.I2C_WaitOnTXEFlagUntilTimeout)
    i.Knob_Init                              0x08001d34   Section        0  knob.o(i.Knob_Init)
    i.Knob_Loop                              0x08001d50   Section        0  knob.o(i.Knob_Loop)
    i.Knob_setBaskwardCallbask               0x08001d80   Section        0  knob.o(i.Knob_setBaskwardCallbask)
    i.Knob_setForwardCallbask                0x08001d8c   Section        0  knob.o(i.Knob_setForwardCallbask)
    i.MX_GPIO_Init                           0x08001d98   Section        0  gpio.o(i.MX_GPIO_Init)
    i.MX_I2C1_Init                           0x08001e00   Section        0  i2c.o(i.MX_I2C1_Init)
    i.MX_RTC_Init                            0x08001e40   Section        0  rtc.o(i.MX_RTC_Init)
    i.MX_TIM1_Init                           0x08001e60   Section        0  tim.o(i.MX_TIM1_Init)
    i.MX_USART3_UART_Init                    0x08001ed0   Section        0  usart.o(i.MX_USART3_UART_Init)
    i.MY_RTC_GetTime                         0x08001f08   Section        0  my_rtc.o(i.MY_RTC_GetTime)
    i.MY_RTC_Init                            0x08001f38   Section        0  my_rtc.o(i.MY_RTC_Init)
    i.MY_RTC_SetTime                         0x08001f80   Section        0  my_rtc.o(i.MY_RTC_SetTime)
    i.MemManage_Handler                      0x08001f98   Section        0  stm32f1xx_it.o(i.MemManage_Handler)
    i.NMI_Handler                            0x08001f9a   Section        0  stm32f1xx_it.o(i.NMI_Handler)
    i.OLED_DrawLine                          0x08001f9c   Section        0  oled.o(i.OLED_DrawLine)
    i.OLED_Init                              0x080020a0   Section        0  oled.o(i.OLED_Init)
    i.OLED_NewFrame                          0x08002144   Section        0  oled.o(i.OLED_NewFrame)
    i.OLED_PrintASCIIChar                    0x08002154   Section        0  oled.o(i.OLED_PrintASCIIChar)
    i.OLED_PrintASCIIString                  0x08002174   Section        0  oled.o(i.OLED_PrintASCIIString)
    i.OLED_Send                              0x080021a4   Section        0  oled.o(i.OLED_Send)
    i.OLED_SendCmd                           0x080021c0   Section        0  oled.o(i.OLED_SendCmd)
    i.OLED_SetBits                           0x080021d0   Section        0  oled.o(i.OLED_SetBits)
    i.OLED_SetBits_Fine                      0x08002218   Section        0  oled.o(i.OLED_SetBits_Fine)
    i.OLED_SetBlock                          0x08002280   Section        0  oled.o(i.OLED_SetBlock)
    i.OLED_SetByte_Fine                      0x08002308   Section        0  oled.o(i.OLED_SetByte_Fine)
    i.OLED_SetPixel                          0x08002350   Section        0  oled.o(i.OLED_SetPixel)
    i.OLED_ShowFrame                         0x08002380   Section        0  oled.o(i.OLED_ShowFrame)
    i.PendSV_Handler                         0x080023c8   Section        0  stm32f1xx_it.o(i.PendSV_Handler)
    i.RTC_EnterInitMode                      0x080023ca   Section        0  stm32f1xx_hal_rtc.o(i.RTC_EnterInitMode)
    RTC_EnterInitMode                        0x080023cb   Thumb Code    52  stm32f1xx_hal_rtc.o(i.RTC_EnterInitMode)
    i.RTC_ExitInitMode                       0x08002400   Section        0  stm32f1xx_hal_rtc.o(i.RTC_ExitInitMode)
    RTC_ExitInitMode                         0x08002401   Thumb Code    54  stm32f1xx_hal_rtc.o(i.RTC_ExitInitMode)
    i.RTC_WriteTimeCounter                   0x08002438   Section        0  my_rtc.o(i.RTC_WriteTimeCounter)
    RTC_WriteTimeCounter                     0x08002439   Thumb Code   112  my_rtc.o(i.RTC_WriteTimeCounter)
    i.SVC_Handler                            0x080024a8   Section        0  stm32f1xx_it.o(i.SVC_Handler)
    i.ShowTime                               0x080024ac   Section        0  maintask.o(i.ShowTime)
    i.SysTick_Handler                        0x08002550   Section        0  stm32f1xx_it.o(i.SysTick_Handler)
    i.SystemClock_Config                     0x08002554   Section        0  main.o(i.SystemClock_Config)
    i.SystemInit                             0x080025d4   Section        0  system_stm32f1xx.o(i.SystemInit)
    i.TIM_Base_SetConfig                     0x080025d8   Section        0  stm32f1xx_hal_tim.o(i.TIM_Base_SetConfig)
    i.TIM_CCxChannelCmd                      0x08002650   Section        0  stm32f1xx_hal_tim.o(i.TIM_CCxChannelCmd)
    i.UART_SetConfig                         0x0800266c   Section        0  stm32f1xx_hal_uart.o(i.UART_SetConfig)
    UART_SetConfig                           0x0800266d   Thumb Code   178  stm32f1xx_hal_uart.o(i.UART_SetConfig)
    i.UsageFault_Handler                     0x08002724   Section        0  stm32f1xx_it.o(i.UsageFault_Handler)
    i.__NVIC_SetPriority                     0x08002726   Section        0  stm32f1xx_hal_cortex.o(i.__NVIC_SetPriority)
    __NVIC_SetPriority                       0x08002727   Thumb Code    32  stm32f1xx_hal_cortex.o(i.__NVIC_SetPriority)
    i._is_digit                              0x08002746   Section        0  __printf_wp.o(i._is_digit)
    i.isKeyClicked                           0x08002754   Section        0  key.o(i.isKeyClicked)
    i.main                                   0x0800279c   Section        0  main.o(i.main)
    i.maintask                               0x080027c4   Section        0  maintask.o(i.maintask)
    i.maintaskInit                           0x08002834   Section        0  maintask.o(i.maintaskInit)
    i.onKnobBackward                         0x08002860   Section        0  maintask.o(i.onKnobBackward)
    i.onKnobForward                          0x080028d8   Section        0  maintask.o(i.onKnobForward)
    i.showCursor                             0x0800294c   Section        0  maintask.o(i.showCursor)
    .constdata                               0x08002994   Section       18  stm32f1xx_hal_rcc.o(.constdata)
    aPredivFactorTable                       0x08002994   Data           2  stm32f1xx_hal_rcc.o(.constdata)
    aPLLMULFactorTable                       0x08002996   Data          16  stm32f1xx_hal_rcc.o(.constdata)
    .constdata                               0x080029a6   Section       18  stm32f1xx_hal_rcc_ex.o(.constdata)
    aPredivFactorTable                       0x080029a6   Data           2  stm32f1xx_hal_rcc_ex.o(.constdata)
    aPLLMULFactorTable                       0x080029a8   Data          16  stm32f1xx_hal_rcc_ex.o(.constdata)
    .constdata                               0x080029b8   Section       16  system_stm32f1xx.o(.constdata)
    .constdata                               0x080029c8   Section        8  system_stm32f1xx.o(.constdata)
    .constdata                               0x080029d0   Section     1520  font.o(.constdata)
    .constdata                               0x08002fc0   Section        8  font.o(.constdata)
    .constdata                               0x08002fc8   Section     3420  font.o(.constdata)
    .constdata                               0x08003d24   Section        8  font.o(.constdata)
    .constdata                               0x08003d2c   Section       44  my_rtc.o(.constdata)
    .constdata                               0x08003d58   Section       17  __printf_flags_wp.o(.constdata)
    maptable                                 0x08003d58   Data          17  __printf_flags_wp.o(.constdata)
    .constdata                               0x08003d69   Section       12  _monlen.o(.constdata)
    .data                                    0x20000000   Section       12  stm32f1xx_hal.o(.data)
    .data                                    0x2000000c   Section        4  system_stm32f1xx.o(.data)
    .data                                    0x20000010   Section        4  oled.o(.data)
    temp                                     0x20000010   Data           1  oled.o(.data)
    temp                                     0x20000011   Data           1  oled.o(.data)
    sendBuffer                               0x20000012   Data           2  oled.o(.data)
    .data                                    0x20000014   Section        8  knob.o(.data)
    .data                                    0x2000001c   Section      102  maintask.o(.data)
    startTime                                0x20000020   Data           4  maintask.o(.data)
    .data                                    0x20000082   Section        1  key.o(.data)
    pressed                                  0x20000082   Data           1  key.o(.data)
    .bss                                     0x20000084   Section       84  i2c.o(.bss)
    .bss                                     0x200000d8   Section       20  rtc.o(.bss)
    .bss                                     0x200000ec   Section       72  tim.o(.bss)
    .bss                                     0x20000134   Section       72  usart.o(.bss)
    .bss                                     0x2000017c   Section     1153  oled.o(.bss)
    sendBuffer                               0x2000017c   Data         129  oled.o(.bss)
    .bss                                     0x20000600   Section       44  maintask.o(.bss)
    .bss                                     0x2000062c   Section       44  localtime.o(.bss)
    _tms                                     0x2000062c   Data          44  localtime.o(.bss)
    .bss                                     0x20000658   Section       96  libspace.o(.bss)
    HEAP                                     0x200006b8   Section      512  startup_stm32f103xb.o(HEAP)
    Heap_Mem                                 0x200006b8   Data         512  startup_stm32f103xb.o(HEAP)
    STACK                                    0x200008b8   Section     1024  startup_stm32f103xb.o(STACK)
    Stack_Mem                                0x200008b8   Data        1024  startup_stm32f103xb.o(STACK)
    __initial_sp                             0x20000cb8   Data           0  startup_stm32f103xb.o(STACK)

    Global Symbols

    Symbol Name                              Value     Ov Type        Size  Object(Section)

    BuildAttributes$$THM_ISAv4$P$D$K$B$S$PE$A:L22UL41UL21$X:L11$S22US41US21$IEEE1$IW$USESV6$~STKCKD$USESV7$~SHL$OSPACE$ROPI$EBA8$UX$STANDARDLIB$REQ8$PRES8$EABIv2 0x00000000   Number         0  anon$$obj.o ABSOLUTE
    __ARM_use_no_argv                        0x00000000   Number         0  main.o ABSOLUTE
    _printf_flags                            0x00000000   Number         0  printf_stubs.o ABSOLUTE
    _printf_return_value                     0x00000000   Number         0  printf_stubs.o ABSOLUTE
    _printf_sizespec                         0x00000000   Number         0  printf_stubs.o ABSOLUTE
    _printf_widthprec                        0x00000000   Number         0  printf_stubs.o ABSOLUTE
    __ARM_exceptions_init                     - Undefined Weak Reference
    __alloca_initialize                       - Undefined Weak Reference
    __arm_preinit_                            - Undefined Weak Reference
    __cpp_initialize__aeabi_                  - Undefined Weak Reference
    __cxa_finalize                            - Undefined Weak Reference
    __rt_locale                               - Undefined Weak Reference
    __sigvec_lookup                           - Undefined Weak Reference
    _atexit_init                              - Undefined Weak Reference
    _call_atexit_fns                          - Undefined Weak Reference
    _clock_init                               - Undefined Weak Reference
    _fp_trap_init                             - Undefined Weak Reference
    _fp_trap_shutdown                         - Undefined Weak Reference
    _get_lc_collate                           - Undefined Weak Reference
    _get_lc_ctype                             - Undefined Weak Reference
    _get_lc_monetary                          - Undefined Weak Reference
    _get_lc_numeric                           - Undefined Weak Reference
    _get_lc_time                              - Undefined Weak Reference
    _getenv_init                              - Undefined Weak Reference
    _handle_redirection                       - Undefined Weak Reference
    _init_alloc                               - Undefined Weak Reference
    _init_user_alloc                          - Undefined Weak Reference
    _initio                                   - Undefined Weak Reference
    _printf_truncate_signed                   - Undefined Weak Reference
    _printf_truncate_unsigned                 - Undefined Weak Reference
    _rand_init                                - Undefined Weak Reference
    _signal_finish                            - Undefined Weak Reference
    _signal_init                              - Undefined Weak Reference
    _terminate_alloc                          - Undefined Weak Reference
    _terminate_user_alloc                     - Undefined Weak Reference
    _terminateio                              - Undefined Weak Reference
    __Vectors_Size                           0x000000ec   Number         0  startup_stm32f103xb.o ABSOLUTE
    __Vectors                                0x08000000   Data           4  startup_stm32f103xb.o(RESET)
    __Vectors_End                            0x080000ec   Data           0  startup_stm32f103xb.o(RESET)
    __main                                   0x080000ed   Thumb Code     8  __main.o(!!!main)
    __scatterload                            0x080000f5   Thumb Code     0  __scatter.o(!!!scatter)
    __scatterload_rt2                        0x080000f5   Thumb Code    44  __scatter.o(!!!scatter)
    __scatterload_rt2_thumb_only             0x080000f5   Thumb Code     0  __scatter.o(!!!scatter)
    __scatterload_null                       0x08000103   Thumb Code     0  __scatter.o(!!!scatter)
    __scatterload_copy                       0x08000129   Thumb Code    26  __scatter_copy.o(!!handler_copy)
    __scatterload_zeroinit                   0x08000145   Thumb Code    28  __scatter_zi.o(!!handler_zi)
    _printf_d                                0x08000161   Thumb Code     0  _printf_d.o(.ARM.Collect$$_printf_percent$$00000009)
    _printf_percent                          0x08000161   Thumb Code     0  _printf_percent.o(.ARM.Collect$$_printf_percent$$00000000)
    _printf_percent_end                      0x08000167   Thumb Code     0  _printf_percent_end.o(.ARM.Collect$$_printf_percent$$00000017)
    __rt_lib_init                            0x0800016b   Thumb Code     0  libinit.o(.ARM.Collect$$libinit$$00000000)
    __rt_lib_init_alloca_1                   0x0800016d   Thumb Code     0  libinit2.o(.ARM.Collect$$libinit$$0000002E)
    __rt_lib_init_argv_1                     0x0800016d   Thumb Code     0  libinit2.o(.ARM.Collect$$libinit$$0000002C)
    __rt_lib_init_atexit_1                   0x0800016d   Thumb Code     0  libinit2.o(.ARM.Collect$$libinit$$0000001B)
    __rt_lib_init_clock_1                    0x0800016d   Thumb Code     0  libinit2.o(.ARM.Collect$$libinit$$00000021)
    __rt_lib_init_cpp_1                      0x0800016d   Thumb Code     0  libinit2.o(.ARM.Collect$$libinit$$00000032)
    __rt_lib_init_exceptions_1               0x0800016d   Thumb Code     0  libinit2.o(.ARM.Collect$$libinit$$00000030)
    __rt_lib_init_fp_1                       0x0800016d   Thumb Code     0  libinit2.o(.ARM.Collect$$libinit$$00000002)
    __rt_lib_init_fp_trap_1                  0x0800016d   Thumb Code     0  libinit2.o(.ARM.Collect$$libinit$$0000001F)
    __rt_lib_init_getenv_1                   0x0800016d   Thumb Code     0  libinit2.o(.ARM.Collect$$libinit$$00000023)
    __rt_lib_init_heap_1                     0x0800016d   Thumb Code     0  libinit2.o(.ARM.Collect$$libinit$$0000000A)
    __rt_lib_init_lc_collate_1               0x0800016d   Thumb Code     0  libinit2.o(.ARM.Collect$$libinit$$00000011)
    __rt_lib_init_lc_ctype_1                 0x0800016d   Thumb Code     0  libinit2.o(.ARM.Collect$$libinit$$00000013)
    __rt_lib_init_lc_monetary_1              0x0800016d   Thumb Code     0  libinit2.o(.ARM.Collect$$libinit$$00000015)
    __rt_lib_init_lc_numeric_1               0x0800016d   Thumb Code     0  libinit2.o(.ARM.Collect$$libinit$$00000017)
    __rt_lib_init_lc_time_1                  0x0800016d   Thumb Code     0  libinit2.o(.ARM.Collect$$libinit$$00000019)
    __rt_lib_init_preinit_1                  0x0800016d   Thumb Code     0  libinit2.o(.ARM.Collect$$libinit$$00000004)
    __rt_lib_init_rand_1                     0x0800016d   Thumb Code     0  libinit2.o(.ARM.Collect$$libinit$$0000000E)
    __rt_lib_init_return                     0x0800016d   Thumb Code     0  libinit2.o(.ARM.Collect$$libinit$$00000033)
    __rt_lib_init_signal_1                   0x0800016d   Thumb Code     0  libinit2.o(.ARM.Collect$$libinit$$0000001D)
    __rt_lib_init_stdio_1                    0x0800016d   Thumb Code     0  libinit2.o(.ARM.Collect$$libinit$$00000025)
    __rt_lib_init_user_alloc_1               0x0800016d   Thumb Code     0  libinit2.o(.ARM.Collect$$libinit$$0000000C)
    __rt_lib_shutdown                        0x0800016f   Thumb Code     0  libshutdown.o(.ARM.Collect$$libshutdown$$00000000)
    __rt_lib_shutdown_cpp_1                  0x08000171   Thumb Code     0  libshutdown2.o(.ARM.Collect$$libshutdown$$00000002)
    __rt_lib_shutdown_fp_trap_1              0x08000171   Thumb Code     0  libshutdown2.o(.ARM.Collect$$libshutdown$$00000007)
    __rt_lib_shutdown_heap_1                 0x08000171   Thumb Code     0  libshutdown2.o(.ARM.Collect$$libshutdown$$0000000F)
    __rt_lib_shutdown_return                 0x08000171   Thumb Code     0  libshutdown2.o(.ARM.Collect$$libshutdown$$00000010)
    __rt_lib_shutdown_signal_1               0x08000171   Thumb Code     0  libshutdown2.o(.ARM.Collect$$libshutdown$$0000000A)
    __rt_lib_shutdown_stdio_1                0x08000171   Thumb Code     0  libshutdown2.o(.ARM.Collect$$libshutdown$$00000004)
    __rt_lib_shutdown_user_alloc_1           0x08000171   Thumb Code     0  libshutdown2.o(.ARM.Collect$$libshutdown$$0000000C)
    __rt_entry                               0x08000173   Thumb Code     0  __rtentry.o(.ARM.Collect$$rtentry$$00000000)
    __rt_entry_presh_1                       0x08000173   Thumb Code     0  __rtentry2.o(.ARM.Collect$$rtentry$$00000002)
    __rt_entry_sh                            0x08000173   Thumb Code     0  __rtentry4.o(.ARM.Collect$$rtentry$$00000004)
    __rt_entry_li                            0x08000179   Thumb Code     0  __rtentry2.o(.ARM.Collect$$rtentry$$0000000A)
    __rt_entry_postsh_1                      0x08000179   Thumb Code     0  __rtentry2.o(.ARM.Collect$$rtentry$$00000009)
    __rt_entry_main                          0x0800017d   Thumb Code     0  __rtentry2.o(.ARM.Collect$$rtentry$$0000000D)
    __rt_entry_postli_1                      0x0800017d   Thumb Code     0  __rtentry2.o(.ARM.Collect$$rtentry$$0000000C)
    __rt_exit                                0x08000185   Thumb Code     0  rtexit.o(.ARM.Collect$$rtexit$$00000000)
    __rt_exit_ls                             0x08000187   Thumb Code     0  rtexit2.o(.ARM.Collect$$rtexit$$00000003)
    __rt_exit_prels_1                        0x08000187   Thumb Code     0  rtexit2.o(.ARM.Collect$$rtexit$$00000002)
    __rt_exit_exit                           0x0800018b   Thumb Code     0  rtexit2.o(.ARM.Collect$$rtexit$$00000004)
    Reset_Handler                            0x08000191   Thumb Code     8  startup_stm32f103xb.o(.text)
    ADC1_2_IRQHandler                        0x080001ab   Thumb Code     0  startup_stm32f103xb.o(.text)
    CAN1_RX1_IRQHandler                      0x080001ab   Thumb Code     0  startup_stm32f103xb.o(.text)
    CAN1_SCE_IRQHandler                      0x080001ab   Thumb Code     0  startup_stm32f103xb.o(.text)
    DMA1_Channel1_IRQHandler                 0x080001ab   Thumb Code     0  startup_stm32f103xb.o(.text)
    DMA1_Channel2_IRQHandler                 0x080001ab   Thumb Code     0  startup_stm32f103xb.o(.text)
    DMA1_Channel3_IRQHandler                 0x080001ab   Thumb Code     0  startup_stm32f103xb.o(.text)
    DMA1_Channel4_IRQHandler                 0x080001ab   Thumb Code     0  startup_stm32f103xb.o(.text)
    DMA1_Channel5_IRQHandler                 0x080001ab   Thumb Code     0  startup_stm32f103xb.o(.text)
    DMA1_Channel6_IRQHandler                 0x080001ab   Thumb Code     0  startup_stm32f103xb.o(.text)
    DMA1_Channel7_IRQHandler                 0x080001ab   Thumb Code     0  startup_stm32f103xb.o(.text)
    EXTI0_IRQHandler                         0x080001ab   Thumb Code     0  startup_stm32f103xb.o(.text)
    EXTI15_10_IRQHandler                     0x080001ab   Thumb Code     0  startup_stm32f103xb.o(.text)
    EXTI1_IRQHandler                         0x080001ab   Thumb Code     0  startup_stm32f103xb.o(.text)
    EXTI2_IRQHandler                         0x080001ab   Thumb Code     0  startup_stm32f103xb.o(.text)
    EXTI3_IRQHandler                         0x080001ab   Thumb Code     0  startup_stm32f103xb.o(.text)
    EXTI4_IRQHandler                         0x080001ab   Thumb Code     0  startup_stm32f103xb.o(.text)
    EXTI9_5_IRQHandler                       0x080001ab   Thumb Code     0  startup_stm32f103xb.o(.text)
    FLASH_IRQHandler                         0x080001ab   Thumb Code     0  startup_stm32f103xb.o(.text)
    I2C1_ER_IRQHandler                       0x080001ab   Thumb Code     0  startup_stm32f103xb.o(.text)
    I2C1_EV_IRQHandler                       0x080001ab   Thumb Code     0  startup_stm32f103xb.o(.text)
    I2C2_ER_IRQHandler                       0x080001ab   Thumb Code     0  startup_stm32f103xb.o(.text)
    I2C2_EV_IRQHandler                       0x080001ab   Thumb Code     0  startup_stm32f103xb.o(.text)
    PVD_IRQHandler                           0x080001ab   Thumb Code     0  startup_stm32f103xb.o(.text)
    RCC_IRQHandler                           0x080001ab   Thumb Code     0  startup_stm32f103xb.o(.text)
    RTC_Alarm_IRQHandler                     0x080001ab   Thumb Code     0  startup_stm32f103xb.o(.text)
    RTC_IRQHandler                           0x080001ab   Thumb Code     0  startup_stm32f103xb.o(.text)
    SPI1_IRQHandler                          0x080001ab   Thumb Code     0  startup_stm32f103xb.o(.text)
    SPI2_IRQHandler                          0x080001ab   Thumb Code     0  startup_stm32f103xb.o(.text)
    TAMPER_IRQHandler                        0x080001ab   Thumb Code     0  startup_stm32f103xb.o(.text)
    TIM1_BRK_IRQHandler                      0x080001ab   Thumb Code     0  startup_stm32f103xb.o(.text)
    TIM1_CC_IRQHandler                       0x080001ab   Thumb Code     0  startup_stm32f103xb.o(.text)
    TIM1_TRG_COM_IRQHandler                  0x080001ab   Thumb Code     0  startup_stm32f103xb.o(.text)
    TIM1_UP_IRQHandler                       0x080001ab   Thumb Code     0  startup_stm32f103xb.o(.text)
    TIM2_IRQHandler                          0x080001ab   Thumb Code     0  startup_stm32f103xb.o(.text)
    TIM3_IRQHandler                          0x080001ab   Thumb Code     0  startup_stm32f103xb.o(.text)
    TIM4_IRQHandler                          0x080001ab   Thumb Code     0  startup_stm32f103xb.o(.text)
    USART1_IRQHandler                        0x080001ab   Thumb Code     0  startup_stm32f103xb.o(.text)
    USART2_IRQHandler                        0x080001ab   Thumb Code     0  startup_stm32f103xb.o(.text)
    USART3_IRQHandler                        0x080001ab   Thumb Code     0  startup_stm32f103xb.o(.text)
    USBWakeUp_IRQHandler                     0x080001ab   Thumb Code     0  startup_stm32f103xb.o(.text)
    USB_HP_CAN1_TX_IRQHandler                0x080001ab   Thumb Code     0  startup_stm32f103xb.o(.text)
    USB_LP_CAN1_RX0_IRQHandler               0x080001ab   Thumb Code     0  startup_stm32f103xb.o(.text)
    WWDG_IRQHandler                          0x080001ab   Thumb Code     0  startup_stm32f103xb.o(.text)
    __user_initial_stackheap                 0x080001ad   Thumb Code     0  startup_stm32f103xb.o(.text)
    __2sprintf                               0x080001d1   Thumb Code    34  noretval__2sprintf.o(.text)
    _printf_pre_padding                      0x080001f9   Thumb Code    44  _printf_pad.o(.text)
    _printf_post_padding                     0x08000225   Thumb Code    34  _printf_pad.o(.text)
    _printf_int_dec                          0x08000249   Thumb Code   104  _printf_dec.o(.text)
    __printf                                 0x080002c1   Thumb Code   308  __printf_flags_wp.o(.text)
    strlen                                   0x080003f9   Thumb Code    62  strlen.o(.text)
    __aeabi_memcpy                           0x08000437   Thumb Code     0  rt_memcpy_v6.o(.text)
    __rt_memcpy                              0x08000437   Thumb Code   138  rt_memcpy_v6.o(.text)
    _memcpy_lastbytes                        0x0800049d   Thumb Code     0  rt_memcpy_v6.o(.text)
    __aeabi_memcpy4                          0x080004c1   Thumb Code     0  rt_memcpy_w.o(.text)
    __aeabi_memcpy8                          0x080004c1   Thumb Code     0  rt_memcpy_w.o(.text)
    __rt_memcpy_w                            0x080004c1   Thumb Code   100  rt_memcpy_w.o(.text)
    _memcpy_lastbytes_aligned                0x08000509   Thumb Code     0  rt_memcpy_w.o(.text)
    __aeabi_memclr                           0x08000525   Thumb Code     0  rt_memclr.o(.text)
    __rt_memclr                              0x08000525   Thumb Code    68  rt_memclr.o(.text)
    _memset                                  0x08000529   Thumb Code     0  rt_memclr.o(.text)
    __aeabi_memclr4                          0x08000569   Thumb Code     0  rt_memclr_w.o(.text)
    __aeabi_memclr8                          0x08000569   Thumb Code     0  rt_memclr_w.o(.text)
    __rt_memclr_w                            0x08000569   Thumb Code    78  rt_memclr_w.o(.text)
    _memset_w                                0x0800056d   Thumb Code     0  rt_memclr_w.o(.text)
    localtime                                0x080005b9   Thumb Code     6  localtime.o(.text)
    mktime                                   0x08000603   Thumb Code   356  mktime.o(.text)
    __use_two_region_memory                  0x08000771   Thumb Code     2  heapauxi.o(.text)
    __rt_heap_escrow$2region                 0x08000773   Thumb Code     2  heapauxi.o(.text)
    __rt_heap_expand$2region                 0x08000775   Thumb Code     2  heapauxi.o(.text)
    _printf_int_common                       0x08000777   Thumb Code   178  _printf_intcommon.o(.text)
    _printf_char_common                      0x08000833   Thumb Code    32  _printf_char_common.o(.text)
    _sputc                                   0x08000859   Thumb Code    10  _sputc.o(.text)
    _localtime_r                             0x08000865   Thumb Code   178  localtime_internal.o(.text)
    _n$localtime_r                           0x08000865   Thumb Code     0  localtime_internal.o(.text)
    __user_setup_stackheap                   0x0800091d   Thumb Code    74  sys_stackheap_outer.o(.text)
    exit                                     0x08000967   Thumb Code    18  exit.o(.text)
    __user_libspace                          0x08000979   Thumb Code     8  libspace.o(.text)
    __user_perproc_libspace                  0x08000979   Thumb Code     0  libspace.o(.text)
    __user_perthread_libspace                0x08000979   Thumb Code     0  libspace.o(.text)
    _sys_exit                                0x08000981   Thumb Code     8  sys_exit.o(.text)
    __I$use$semihosting                      0x0800098d   Thumb Code     0  use_no_semi.o(.text)
    __use_no_semihosting_swi                 0x0800098d   Thumb Code     2  use_no_semi.o(.text)
    BusFault_Handler                         0x0800098f   Thumb Code     2  stm32f1xx_it.o(i.BusFault_Handler)
    __semihosting_library_function           0x0800098f   Thumb Code     0  indicate_semi.o(.text)
    DebugMon_Handler                         0x08000991   Thumb Code     2  stm32f1xx_it.o(i.DebugMon_Handler)
    Error_Handler                            0x08000993   Thumb Code     4  main.o(i.Error_Handler)
    GetCounter                               0x08000999   Thumb Code     8  knob.o(i.GetCounter)
    HAL_Delay                                0x080009a5   Thumb Code    32  stm32f1xx_hal.o(i.HAL_Delay)
    HAL_GPIO_Init                            0x080009c9   Thumb Code   446  stm32f1xx_hal_gpio.o(i.HAL_GPIO_Init)
    HAL_GPIO_ReadPin                         0x08000ba9   Thumb Code    10  stm32f1xx_hal_gpio.o(i.HAL_GPIO_ReadPin)
    HAL_GetTick                              0x08000bb5   Thumb Code     6  stm32f1xx_hal.o(i.HAL_GetTick)
    HAL_I2C_Init                             0x08000bc1   Thumb Code   376  stm32f1xx_hal_i2c.o(i.HAL_I2C_Init)
    HAL_I2C_Master_Transmit                  0x08000d49   Thumb Code   290  stm32f1xx_hal_i2c.o(i.HAL_I2C_Master_Transmit)
    HAL_I2C_MspInit                          0x08000e75   Thumb Code    80  i2c.o(i.HAL_I2C_MspInit)
    HAL_IncTick                              0x08000ed1   Thumb Code    12  stm32f1xx_hal.o(i.HAL_IncTick)
    HAL_Init                                 0x08000ee1   Thumb Code    32  stm32f1xx_hal.o(i.HAL_Init)
    HAL_InitTick                             0x08000f05   Thumb Code    54  stm32f1xx_hal.o(i.HAL_InitTick)
    HAL_MspInit                              0x08000f45   Thumb Code    52  stm32f1xx_hal_msp.o(i.HAL_MspInit)
    HAL_NVIC_SetPriority                     0x08000f81   Thumb Code    60  stm32f1xx_hal_cortex.o(i.HAL_NVIC_SetPriority)
    HAL_NVIC_SetPriorityGrouping             0x08000fc1   Thumb Code    26  stm32f1xx_hal_cortex.o(i.HAL_NVIC_SetPriorityGrouping)
    HAL_PWR_EnableBkUpAccess                 0x08000fe5   Thumb Code     8  stm32f1xx_hal_pwr.o(i.HAL_PWR_EnableBkUpAccess)
    HAL_RCCEx_GetPeriphCLKFreq               0x08000ff1   Thumb Code   148  stm32f1xx_hal_rcc_ex.o(i.HAL_RCCEx_GetPeriphCLKFreq)
    HAL_RCCEx_PeriphCLKConfig                0x08001095   Thumb Code   224  stm32f1xx_hal_rcc_ex.o(i.HAL_RCCEx_PeriphCLKConfig)
    HAL_RCC_ClockConfig                      0x08001181   Thumb Code   280  stm32f1xx_hal_rcc.o(i.HAL_RCC_ClockConfig)
    HAL_RCC_GetPCLK1Freq                     0x080012ad   Thumb Code    20  stm32f1xx_hal_rcc.o(i.HAL_RCC_GetPCLK1Freq)
    HAL_RCC_GetPCLK2Freq                     0x080012cd   Thumb Code    20  stm32f1xx_hal_rcc.o(i.HAL_RCC_GetPCLK2Freq)
    HAL_RCC_GetSysClockFreq                  0x080012ed   Thumb Code    58  stm32f1xx_hal_rcc.o(i.HAL_RCC_GetSysClockFreq)
    HAL_RCC_OscConfig                        0x08001339   Thumb Code   778  stm32f1xx_hal_rcc.o(i.HAL_RCC_OscConfig)
    HAL_RTCEx_BKUPRead                       0x08001659   Thumb Code    10  stm32f1xx_hal_rtc_ex.o(i.HAL_RTCEx_BKUPRead)
    HAL_RTCEx_BKUPWrite                      0x08001669   Thumb Code    12  stm32f1xx_hal_rtc_ex.o(i.HAL_RTCEx_BKUPWrite)
    HAL_RTC_Init                             0x08001679   Thumb Code   144  stm32f1xx_hal_rtc.o(i.HAL_RTC_Init)
    HAL_RTC_MspInit                          0x0800170d   Thumb Code    40  rtc.o(i.HAL_RTC_MspInit)
    HAL_RTC_WaitForSynchro                   0x08001741   Thumb Code    58  stm32f1xx_hal_rtc.o(i.HAL_RTC_WaitForSynchro)
    HAL_SYSTICK_Config                       0x0800177b   Thumb Code    40  stm32f1xx_hal_cortex.o(i.HAL_SYSTICK_Config)
    HAL_TIMEx_MasterConfigSynchronization    0x080017a5   Thumb Code    92  stm32f1xx_hal_tim_ex.o(i.HAL_TIMEx_MasterConfigSynchronization)
    HAL_TIM_Encoder_Init                     0x0800180d   Thumb Code   164  stm32f1xx_hal_tim.o(i.HAL_TIM_Encoder_Init)
    HAL_TIM_Encoder_MspInit                  0x080018b1   Thumb Code    74  tim.o(i.HAL_TIM_Encoder_MspInit)
    HAL_TIM_Encoder_Start                    0x08001909   Thumb Code   142  stm32f1xx_hal_tim.o(i.HAL_TIM_Encoder_Start)
    HAL_UART_Init                            0x08001997   Thumb Code   100  stm32f1xx_hal_uart.o(i.HAL_UART_Init)
    HAL_UART_MspInit                         0x080019fd   Thumb Code   100  usart.o(i.HAL_UART_MspInit)
    HardFault_Handler                        0x08001a6d   Thumb Code     2  stm32f1xx_it.o(i.HardFault_Handler)
    Knob_Init                                0x08001d35   Thumb Code    22  knob.o(i.Knob_Init)
    Knob_Loop                                0x08001d51   Thumb Code    40  knob.o(i.Knob_Loop)
    Knob_setBaskwardCallbask                 0x08001d81   Thumb Code     6  knob.o(i.Knob_setBaskwardCallbask)
    Knob_setForwardCallbask                  0x08001d8d   Thumb Code     6  knob.o(i.Knob_setForwardCallbask)
    MX_GPIO_Init                             0x08001d99   Thumb Code    96  gpio.o(i.MX_GPIO_Init)
    MX_I2C1_Init                             0x08001e01   Thumb Code    50  i2c.o(i.MX_I2C1_Init)
    MX_RTC_Init                              0x08001e41   Thumb Code    22  rtc.o(i.MX_RTC_Init)
    MX_TIM1_Init                             0x08001e61   Thumb Code   102  tim.o(i.MX_TIM1_Init)
    MX_USART3_UART_Init                      0x08001ed1   Thumb Code    48  usart.o(i.MX_USART3_UART_Init)
    MY_RTC_GetTime                           0x08001f09   Thumb Code    44  my_rtc.o(i.MY_RTC_GetTime)
    MY_RTC_Init                              0x08001f39   Thumb Code    62  my_rtc.o(i.MY_RTC_Init)
    MY_RTC_SetTime                           0x08001f81   Thumb Code    18  my_rtc.o(i.MY_RTC_SetTime)
    MemManage_Handler                        0x08001f99   Thumb Code     2  stm32f1xx_it.o(i.MemManage_Handler)
    NMI_Handler                              0x08001f9b   Thumb Code     2  stm32f1xx_it.o(i.NMI_Handler)
    OLED_DrawLine                            0x08001f9d   Thumb Code   254  oled.o(i.OLED_DrawLine)
    OLED_Init                                0x080020a1   Thumb Code   162  oled.o(i.OLED_Init)
    OLED_NewFrame                            0x08002145   Thumb Code    10  oled.o(i.OLED_NewFrame)
    OLED_PrintASCIIChar                      0x08002155   Thumb Code    32  oled.o(i.OLED_PrintASCIIChar)
    OLED_PrintASCIIString                    0x08002175   Thumb Code    46  oled.o(i.OLED_PrintASCIIString)
    OLED_Send                                0x080021a5   Thumb Code    22  oled.o(i.OLED_Send)
    OLED_SendCmd                             0x080021c1   Thumb Code    12  oled.o(i.OLED_SendCmd)
    OLED_SetBits                             0x080021d1   Thumb Code    72  oled.o(i.OLED_SetBits)
    OLED_SetBits_Fine                        0x08002219   Thumb Code   104  oled.o(i.OLED_SetBits_Fine)
    OLED_SetBlock                            0x08002281   Thumb Code   136  oled.o(i.OLED_SetBlock)
    OLED_SetByte_Fine                        0x08002309   Thumb Code    64  oled.o(i.OLED_SetByte_Fine)
    OLED_SetPixel                            0x08002351   Thumb Code    42  oled.o(i.OLED_SetPixel)
    OLED_ShowFrame                           0x08002381   Thumb Code    68  oled.o(i.OLED_ShowFrame)
    PendSV_Handler                           0x080023c9   Thumb Code     2  stm32f1xx_it.o(i.PendSV_Handler)
    SVC_Handler                              0x080024a9   Thumb Code     2  stm32f1xx_it.o(i.SVC_Handler)
    ShowTime                                 0x080024ad   Thumb Code   120  maintask.o(i.ShowTime)
    SysTick_Handler                          0x08002551   Thumb Code     4  stm32f1xx_it.o(i.SysTick_Handler)
    SystemClock_Config                       0x08002555   Thumb Code   128  main.o(i.SystemClock_Config)
    SystemInit                               0x080025d5   Thumb Code     2  system_stm32f1xx.o(i.SystemInit)
    TIM_Base_SetConfig                       0x080025d9   Thumb Code   108  stm32f1xx_hal_tim.o(i.TIM_Base_SetConfig)
    TIM_CCxChannelCmd                        0x08002651   Thumb Code    26  stm32f1xx_hal_tim.o(i.TIM_CCxChannelCmd)
    UsageFault_Handler                       0x08002725   Thumb Code     2  stm32f1xx_it.o(i.UsageFault_Handler)
    _is_digit                                0x08002747   Thumb Code    14  __printf_wp.o(i._is_digit)
    isKeyClicked                             0x08002755   Thumb Code    64  key.o(i.isKeyClicked)
    main                                     0x0800279d   Thumb Code    38  main.o(i.main)
    maintask                                 0x080027c5   Thumb Code   104  maintask.o(i.maintask)
    maintaskInit                             0x08002835   Thumb Code    36  maintask.o(i.maintaskInit)
    onKnobBackward                           0x08002861   Thumb Code   112  maintask.o(i.onKnobBackward)
    onKnobForward                            0x080028d9   Thumb Code   108  maintask.o(i.onKnobForward)
    showCursor                               0x0800294d   Thumb Code    66  maintask.o(i.showCursor)
    AHBPrescTable                            0x080029b8   Data          16  system_stm32f1xx.o(.constdata)
    APBPrescTable                            0x080029c8   Data           8  system_stm32f1xx.o(.constdata)
    ascii_16x8                               0x080029d0   Data        1520  font.o(.constdata)
    afont16x8                                0x08002fc0   Data           8  font.o(.constdata)
    ascii_24x12                              0x08002fc8   Data        3420  font.o(.constdata)
    afont24x12                               0x08003d24   Data           8  font.o(.constdata)
    _monlen                                  0x08003d69   Data          12  _monlen.o(.constdata)
    Region$$Table$$Base                      0x08003d78   Number         0  anon$$obj.o(Region$$Table)
    Region$$Table$$Limit                     0x08003d98   Number         0  anon$$obj.o(Region$$Table)
    uwTickFreq                               0x20000000   Data           1  stm32f1xx_hal.o(.data)
    uwTickPrio                               0x20000004   Data           4  stm32f1xx_hal.o(.data)
    uwTick                                   0x20000008   Data           4  stm32f1xx_hal.o(.data)
    SystemCoreClock                          0x2000000c   Data           4  system_stm32f1xx.o(.data)
    onForwardCallbask                        0x20000014   Data           4  knob.o(.data)
    onBaskwardCallbask                       0x20000018   Data           4  knob.o(.data)
    calendarState                            0x2000001c   Data           1  maintask.o(.data)
    settingState                             0x2000001d   Data           1  maintask.o(.data)
    weeks                                    0x20000024   Data          70  maintask.o(.data)
    cursorPositions                          0x2000006a   Data          24  maintask.o(.data)
    hi2c1                                    0x20000084   Data          84  i2c.o(.bss)
    hrtc                                     0x200000d8   Data          20  rtc.o(.bss)
    htim1                                    0x200000ec   Data          72  tim.o(.bss)
    huart3                                   0x20000134   Data          72  usart.o(.bss)
    OLED_GRAM                                0x200001fd   Data        1024  oled.o(.bss)
    settingTime                              0x20000600   Data          44  maintask.o(.bss)
    __libspace_start                         0x20000658   Data          96  libspace.o(.bss)
    __temporary_stack_top$libspace           0x200006b8   Data           0  libspace.o(.bss)



==============================================================================

Memory Map of the image

  Image Entry point : 0x080000ed

  Load Region LR_IROM1 (Base: 0x08000000, Size: 0x00003e1c, Max: 0x00010000, ABSOLUTE)

    Execution Region ER_IROM1 (Exec base: 0x08000000, Load base: 0x08000000, Size: 0x00003d98, Max: 0x00010000, ABSOLUTE)

    Exec Addr    Load Addr    Size         Type   Attr      Idx    E Section Name        Object

    0x08000000   0x08000000   0x000000ec   Data   RO            3    RESET               startup_stm32f103xb.o
    0x080000ec   0x080000ec   0x00000008   Code   RO         4080  * !!!main             c_w.l(__main.o)
    0x080000f4   0x080000f4   0x00000034   Code   RO         4272    !!!scatter          c_w.l(__scatter.o)
    0x08000128   0x08000128   0x0000001a   Code   RO         4274    !!handler_copy      c_w.l(__scatter_copy.o)
    0x08000142   0x08000142   0x00000002   PAD
    0x08000144   0x08000144   0x0000001c   Code   RO         4276    !!handler_zi        c_w.l(__scatter_zi.o)
    0x08000160   0x08000160   0x00000000   Code   RO         4060    .ARM.Collect$$_printf_percent$$00000000  c_w.l(_printf_percent.o)
    0x08000160   0x08000160   0x00000006   Code   RO         4059    .ARM.Collect$$_printf_percent$$00000009  c_w.l(_printf_d.o)
    0x08000166   0x08000166   0x00000004   Code   RO         4107    .ARM.Collect$$_printf_percent$$00000017  c_w.l(_printf_percent_end.o)
    0x0800016a   0x0800016a   0x00000002   Code   RO         4142    .ARM.Collect$$libinit$$00000000  c_w.l(libinit.o)
    0x0800016c   0x0800016c   0x00000000   Code   RO         4149    .ARM.Collect$$libinit$$00000002  c_w.l(libinit2.o)
    0x0800016c   0x0800016c   0x00000000   Code   RO         4151    .ARM.Collect$$libinit$$00000004  c_w.l(libinit2.o)
    0x0800016c   0x0800016c   0x00000000   Code   RO         4154    .ARM.Collect$$libinit$$0000000A  c_w.l(libinit2.o)
    0x0800016c   0x0800016c   0x00000000   Code   RO         4156    .ARM.Collect$$libinit$$0000000C  c_w.l(libinit2.o)
    0x0800016c   0x0800016c   0x00000000   Code   RO         4158    .ARM.Collect$$libinit$$0000000E  c_w.l(libinit2.o)
    0x0800016c   0x0800016c   0x00000000   Code   RO         4161    .ARM.Collect$$libinit$$00000011  c_w.l(libinit2.o)
    0x0800016c   0x0800016c   0x00000000   Code   RO         4163    .ARM.Collect$$libinit$$00000013  c_w.l(libinit2.o)
    0x0800016c   0x0800016c   0x00000000   Code   RO         4165    .ARM.Collect$$libinit$$00000015  c_w.l(libinit2.o)
    0x0800016c   0x0800016c   0x00000000   Code   RO         4167    .ARM.Collect$$libinit$$00000017  c_w.l(libinit2.o)
    0x0800016c   0x0800016c   0x00000000   Code   RO         4169    .ARM.Collect$$libinit$$00000019  c_w.l(libinit2.o)
    0x0800016c   0x0800016c   0x00000000   Code   RO         4171    .ARM.Collect$$libinit$$0000001B  c_w.l(libinit2.o)
    0x0800016c   0x0800016c   0x00000000   Code   RO         4173    .ARM.Collect$$libinit$$0000001D  c_w.l(libinit2.o)
    0x0800016c   0x0800016c   0x00000000   Code   RO         4175    .ARM.Collect$$libinit$$0000001F  c_w.l(libinit2.o)
    0x0800016c   0x0800016c   0x00000000   Code   RO         4177    .ARM.Collect$$libinit$$00000021  c_w.l(libinit2.o)
    0x0800016c   0x0800016c   0x00000000   Code   RO         4179    .ARM.Collect$$libinit$$00000023  c_w.l(libinit2.o)
    0x0800016c   0x0800016c   0x00000000   Code   RO         4181    .ARM.Collect$$libinit$$00000025  c_w.l(libinit2.o)
    0x0800016c   0x0800016c   0x00000000   Code   RO         4185    .ARM.Collect$$libinit$$0000002C  c_w.l(libinit2.o)
    0x0800016c   0x0800016c   0x00000000   Code   RO         4187    .ARM.Collect$$libinit$$0000002E  c_w.l(libinit2.o)
    0x0800016c   0x0800016c   0x00000000   Code   RO         4189    .ARM.Collect$$libinit$$00000030  c_w.l(libinit2.o)
    0x0800016c   0x0800016c   0x00000000   Code   RO         4191    .ARM.Collect$$libinit$$00000032  c_w.l(libinit2.o)
    0x0800016c   0x0800016c   0x00000002   Code   RO         4192    .ARM.Collect$$libinit$$00000033  c_w.l(libinit2.o)
    0x0800016e   0x0800016e   0x00000002   Code   RO         4212    .ARM.Collect$$libshutdown$$00000000  c_w.l(libshutdown.o)
    0x08000170   0x08000170   0x00000000   Code   RO         4225    .ARM.Collect$$libshutdown$$00000002  c_w.l(libshutdown2.o)
    0x08000170   0x08000170   0x00000000   Code   RO         4227    .ARM.Collect$$libshutdown$$00000004  c_w.l(libshutdown2.o)
    0x08000170   0x08000170   0x00000000   Code   RO         4230    .ARM.Collect$$libshutdown$$00000007  c_w.l(libshutdown2.o)
    0x08000170   0x08000170   0x00000000   Code   RO         4233    .ARM.Collect$$libshutdown$$0000000A  c_w.l(libshutdown2.o)
    0x08000170   0x08000170   0x00000000   Code   RO         4235    .ARM.Collect$$libshutdown$$0000000C  c_w.l(libshutdown2.o)
    0x08000170   0x08000170   0x00000000   Code   RO         4238    .ARM.Collect$$libshutdown$$0000000F  c_w.l(libshutdown2.o)
    0x08000170   0x08000170   0x00000002   Code   RO         4239    .ARM.Collect$$libshutdown$$00000010  c_w.l(libshutdown2.o)
    0x08000172   0x08000172   0x00000000   Code   RO         4100    .ARM.Collect$$rtentry$$00000000  c_w.l(__rtentry.o)
    0x08000172   0x08000172   0x00000000   Code   RO         4117    .ARM.Collect$$rtentry$$00000002  c_w.l(__rtentry2.o)
    0x08000172   0x08000172   0x00000006   Code   RO         4129    .ARM.Collect$$rtentry$$00000004  c_w.l(__rtentry4.o)
    0x08000178   0x08000178   0x00000000   Code   RO         4119    .ARM.Collect$$rtentry$$00000009  c_w.l(__rtentry2.o)
    0x08000178   0x08000178   0x00000004   Code   RO         4120    .ARM.Collect$$rtentry$$0000000A  c_w.l(__rtentry2.o)
    0x0800017c   0x0800017c   0x00000000   Code   RO         4122    .ARM.Collect$$rtentry$$0000000C  c_w.l(__rtentry2.o)
    0x0800017c   0x0800017c   0x00000008   Code   RO         4123    .ARM.Collect$$rtentry$$0000000D  c_w.l(__rtentry2.o)
    0x08000184   0x08000184   0x00000002   Code   RO         4146    .ARM.Collect$$rtexit$$00000000  c_w.l(rtexit.o)
    0x08000186   0x08000186   0x00000000   Code   RO         4194    .ARM.Collect$$rtexit$$00000002  c_w.l(rtexit2.o)
    0x08000186   0x08000186   0x00000004   Code   RO         4195    .ARM.Collect$$rtexit$$00000003  c_w.l(rtexit2.o)
    0x0800018a   0x0800018a   0x00000006   Code   RO         4196    .ARM.Collect$$rtexit$$00000004  c_w.l(rtexit2.o)
    0x08000190   0x08000190   0x00000040   Code   RO            4    .text               startup_stm32f103xb.o
    0x080001d0   0x080001d0   0x00000028   Code   RO         4031    .text               c_w.l(noretval__2sprintf.o)
    0x080001f8   0x080001f8   0x0000004e   Code   RO         4035    .text               c_w.l(_printf_pad.o)
    0x08000246   0x08000246   0x00000002   PAD
    0x08000248   0x08000248   0x00000078   Code   RO         4037    .text               c_w.l(_printf_dec.o)
    0x080002c0   0x080002c0   0x00000138   Code   RO         4051    .text               c_w.l(__printf_flags_wp.o)
    0x080003f8   0x080003f8   0x0000003e   Code   RO         4063    .text               c_w.l(strlen.o)
    0x08000436   0x08000436   0x0000008a   Code   RO         4065    .text               c_w.l(rt_memcpy_v6.o)
    0x080004c0   0x080004c0   0x00000064   Code   RO         4067    .text               c_w.l(rt_memcpy_w.o)
    0x08000524   0x08000524   0x00000044   Code   RO         4069    .text               c_w.l(rt_memclr.o)
    0x08000568   0x08000568   0x0000004e   Code   RO         4071    .text               c_w.l(rt_memclr_w.o)
    0x080005b6   0x080005b6   0x00000002   PAD
    0x080005b8   0x080005b8   0x0000000c   Code   RO         4073    .text               c_w.l(localtime.o)
    0x080005c4   0x080005c4   0x000001ac   Code   RO         4076    .text               c_w.l(mktime.o)
    0x08000770   0x08000770   0x00000006   Code   RO         4078    .text               c_w.l(heapauxi.o)
    0x08000776   0x08000776   0x000000b2   Code   RO         4101    .text               c_w.l(_printf_intcommon.o)
    0x08000828   0x08000828   0x00000030   Code   RO         4103    .text               c_w.l(_printf_char_common.o)
    0x08000858   0x08000858   0x0000000a   Code   RO         4105    .text               c_w.l(_sputc.o)
    0x08000862   0x08000862   0x00000002   PAD
    0x08000864   0x08000864   0x000000b8   Code   RO         4109    .text               c_w.l(localtime_internal.o)
    0x0800091c   0x0800091c   0x0000004a   Code   RO         4133    .text               c_w.l(sys_stackheap_outer.o)
    0x08000966   0x08000966   0x00000012   Code   RO         4135    .text               c_w.l(exit.o)
    0x08000978   0x08000978   0x00000008   Code   RO         4143    .text               c_w.l(libspace.o)
    0x08000980   0x08000980   0x0000000c   Code   RO         4204    .text               c_w.l(sys_exit.o)
    0x0800098c   0x0800098c   0x00000002   Code   RO         4215    .text               c_w.l(use_no_semi.o)
    0x0800098e   0x0800098e   0x00000000   Code   RO         4217    .text               c_w.l(indicate_semi.o)
    0x0800098e   0x0800098e   0x00000002   Code   RO          389    i.BusFault_Handler  stm32f1xx_it.o
    0x08000990   0x08000990   0x00000002   Code   RO          390    i.DebugMon_Handler  stm32f1xx_it.o
    0x08000992   0x08000992   0x00000004   Code   RO           13    i.Error_Handler     main.o
    0x08000996   0x08000996   0x00000002   PAD
    0x08000998   0x08000998   0x0000000c   Code   RO         3812    i.GetCounter        knob.o
    0x080009a4   0x080009a4   0x00000024   Code   RO          968    i.HAL_Delay         stm32f1xx_hal.o
    0x080009c8   0x080009c8   0x000001e0   Code   RO         1278    i.HAL_GPIO_Init     stm32f1xx_hal_gpio.o
    0x08000ba8   0x08000ba8   0x0000000a   Code   RO         1280    i.HAL_GPIO_ReadPin  stm32f1xx_hal_gpio.o
    0x08000bb2   0x08000bb2   0x00000002   PAD
    0x08000bb4   0x08000bb4   0x0000000c   Code   RO          972    i.HAL_GetTick       stm32f1xx_hal.o
    0x08000bc0   0x08000bc0   0x00000188   Code   RO          535    i.HAL_I2C_Init      stm32f1xx_hal_i2c.o
    0x08000d48   0x08000d48   0x0000012c   Code   RO          548    i.HAL_I2C_Master_Transmit  stm32f1xx_hal_i2c.o
    0x08000e74   0x08000e74   0x0000005c   Code   RO          219    i.HAL_I2C_MspInit   i2c.o
    0x08000ed0   0x08000ed0   0x00000010   Code   RO          978    i.HAL_IncTick       stm32f1xx_hal.o
    0x08000ee0   0x08000ee0   0x00000024   Code   RO          979    i.HAL_Init          stm32f1xx_hal.o
    0x08000f04   0x08000f04   0x00000040   Code   RO          980    i.HAL_InitTick      stm32f1xx_hal.o
    0x08000f44   0x08000f44   0x0000003c   Code   RO          464    i.HAL_MspInit       stm32f1xx_hal_msp.o
    0x08000f80   0x08000f80   0x00000040   Code   RO         1444    i.HAL_NVIC_SetPriority  stm32f1xx_hal_cortex.o
    0x08000fc0   0x08000fc0   0x00000024   Code   RO         1445    i.HAL_NVIC_SetPriorityGrouping  stm32f1xx_hal_cortex.o
    0x08000fe4   0x08000fe4   0x0000000c   Code   RO         1560    i.HAL_PWR_EnableBkUpAccess  stm32f1xx_hal_pwr.o
    0x08000ff0   0x08000ff0   0x000000a4   Code   RO         1239    i.HAL_RCCEx_GetPeriphCLKFreq  stm32f1xx_hal_rcc_ex.o
    0x08001094   0x08001094   0x000000ec   Code   RO         1240    i.HAL_RCCEx_PeriphCLKConfig  stm32f1xx_hal_rcc_ex.o
    0x08001180   0x08001180   0x0000012c   Code   RO         1136    i.HAL_RCC_ClockConfig  stm32f1xx_hal_rcc.o
    0x080012ac   0x080012ac   0x00000020   Code   RO         1143    i.HAL_RCC_GetPCLK1Freq  stm32f1xx_hal_rcc.o
    0x080012cc   0x080012cc   0x00000020   Code   RO         1144    i.HAL_RCC_GetPCLK2Freq  stm32f1xx_hal_rcc.o
    0x080012ec   0x080012ec   0x0000004c   Code   RO         1145    i.HAL_RCC_GetSysClockFreq  stm32f1xx_hal_rcc.o
    0x08001338   0x08001338   0x00000320   Code   RO         1148    i.HAL_RCC_OscConfig  stm32f1xx_hal_rcc.o
    0x08001658   0x08001658   0x00000010   Code   RO         2108    i.HAL_RTCEx_BKUPRead  stm32f1xx_hal_rtc_ex.o
    0x08001668   0x08001668   0x00000010   Code   RO         2109    i.HAL_RTCEx_BKUPWrite  stm32f1xx_hal_rtc_ex.o
    0x08001678   0x08001678   0x00000094   Code   RO         1946    i.HAL_RTC_Init      stm32f1xx_hal_rtc.o
    0x0800170c   0x0800170c   0x00000034   Code   RO          261    i.HAL_RTC_MspInit   rtc.o
    0x08001740   0x08001740   0x0000003a   Code   RO         1954    i.HAL_RTC_WaitForSynchro  stm32f1xx_hal_rtc.o
    0x0800177a   0x0800177a   0x00000028   Code   RO         1449    i.HAL_SYSTICK_Config  stm32f1xx_hal_cortex.o
    0x080017a2   0x080017a2   0x00000002   PAD
    0x080017a4   0x080017a4   0x00000068   Code   RO         2935    i.HAL_TIMEx_MasterConfigSynchronization  stm32f1xx_hal_tim_ex.o
    0x0800180c   0x0800180c   0x000000a4   Code   RO         2233    i.HAL_TIM_Encoder_Init  stm32f1xx_hal_tim.o
    0x080018b0   0x080018b0   0x00000058   Code   RO          306    i.HAL_TIM_Encoder_MspInit  tim.o
    0x08001908   0x08001908   0x0000008e   Code   RO         2236    i.HAL_TIM_Encoder_Start  stm32f1xx_hal_tim.o
    0x08001996   0x08001996   0x00000064   Code   RO         3213    i.HAL_UART_Init     stm32f1xx_hal_uart.o
    0x080019fa   0x080019fa   0x00000002   PAD
    0x080019fc   0x080019fc   0x00000070   Code   RO          348    i.HAL_UART_MspInit  usart.o
    0x08001a6c   0x08001a6c   0x00000002   Code   RO          391    i.HardFault_Handler  stm32f1xx_it.o
    0x08001a6e   0x08001a6e   0x0000002e   Code   RO          578    i.I2C_IsAcknowledgeFailed  stm32f1xx_hal_i2c.o
    0x08001a9c   0x08001a9c   0x0000009c   Code   RO          582    i.I2C_MasterRequestWrite  stm32f1xx_hal_i2c.o
    0x08001b38   0x08001b38   0x00000056   Code   RO          593    i.I2C_WaitOnBTFFlagUntilTimeout  stm32f1xx_hal_i2c.o
    0x08001b8e   0x08001b8e   0x00000002   PAD
    0x08001b90   0x08001b90   0x00000090   Code   RO          594    i.I2C_WaitOnFlagUntilTimeout  stm32f1xx_hal_i2c.o
    0x08001c20   0x08001c20   0x000000bc   Code   RO          595    i.I2C_WaitOnMasterAddressFlagUntilTimeout  stm32f1xx_hal_i2c.o
    0x08001cdc   0x08001cdc   0x00000056   Code   RO          597    i.I2C_WaitOnTXEFlagUntilTimeout  stm32f1xx_hal_i2c.o
    0x08001d32   0x08001d32   0x00000002   PAD
    0x08001d34   0x08001d34   0x0000001c   Code   RO         3813    i.Knob_Init         knob.o
    0x08001d50   0x08001d50   0x00000030   Code   RO         3814    i.Knob_Loop         knob.o
    0x08001d80   0x08001d80   0x0000000c   Code   RO         3815    i.Knob_setBaskwardCallbask  knob.o
    0x08001d8c   0x08001d8c   0x0000000c   Code   RO         3816    i.Knob_setForwardCallbask  knob.o
    0x08001d98   0x08001d98   0x00000068   Code   RO          194    i.MX_GPIO_Init      gpio.o
    0x08001e00   0x08001e00   0x00000040   Code   RO          220    i.MX_I2C1_Init      i2c.o
    0x08001e40   0x08001e40   0x00000020   Code   RO          262    i.MX_RTC_Init       rtc.o
    0x08001e60   0x08001e60   0x00000070   Code   RO          307    i.MX_TIM1_Init      tim.o
    0x08001ed0   0x08001ed0   0x00000038   Code   RO          349    i.MX_USART3_UART_Init  usart.o
    0x08001f08   0x08001f08   0x00000030   Code   RO         3871    i.MY_RTC_GetTime    my_rtc.o
    0x08001f38   0x08001f38   0x00000048   Code   RO         3872    i.MY_RTC_Init       my_rtc.o
    0x08001f80   0x08001f80   0x00000018   Code   RO         3873    i.MY_RTC_SetTime    my_rtc.o
    0x08001f98   0x08001f98   0x00000002   Code   RO          392    i.MemManage_Handler  stm32f1xx_it.o
    0x08001f9a   0x08001f9a   0x00000002   Code   RO          393    i.NMI_Handler       stm32f1xx_it.o
    0x08001f9c   0x08001f9c   0x00000104   Code   RO         3592    i.OLED_DrawLine     oled.o
    0x080020a0   0x080020a0   0x000000a2   Code   RO         3595    i.OLED_Init         oled.o
    0x08002142   0x08002142   0x00000002   PAD
    0x08002144   0x08002144   0x00000010   Code   RO         3596    i.OLED_NewFrame     oled.o
    0x08002154   0x08002154   0x00000020   Code   RO         3597    i.OLED_PrintASCIIChar  oled.o
    0x08002174   0x08002174   0x0000002e   Code   RO         3598    i.OLED_PrintASCIIString  oled.o
    0x080021a2   0x080021a2   0x00000002   PAD
    0x080021a4   0x080021a4   0x0000001c   Code   RO         3600    i.OLED_Send         oled.o
    0x080021c0   0x080021c0   0x00000010   Code   RO         3601    i.OLED_SendCmd      oled.o
    0x080021d0   0x080021d0   0x00000048   Code   RO         3602    i.OLED_SetBits      oled.o
    0x08002218   0x08002218   0x00000068   Code   RO         3603    i.OLED_SetBits_Fine  oled.o
    0x08002280   0x08002280   0x00000088   Code   RO         3604    i.OLED_SetBlock     oled.o
    0x08002308   0x08002308   0x00000048   Code   RO         3606    i.OLED_SetByte_Fine  oled.o
    0x08002350   0x08002350   0x00000030   Code   RO         3608    i.OLED_SetPixel     oled.o
    0x08002380   0x08002380   0x00000048   Code   RO         3609    i.OLED_ShowFrame    oled.o
    0x080023c8   0x080023c8   0x00000002   Code   RO          394    i.PendSV_Handler    stm32f1xx_it.o
    0x080023ca   0x080023ca   0x00000034   Code   RO         1958    i.RTC_EnterInitMode  stm32f1xx_hal_rtc.o
    0x080023fe   0x080023fe   0x00000002   PAD
    0x08002400   0x08002400   0x00000036   Code   RO         1959    i.RTC_ExitInitMode  stm32f1xx_hal_rtc.o
    0x08002436   0x08002436   0x00000002   PAD
    0x08002438   0x08002438   0x00000070   Code   RO         3874    i.RTC_WriteTimeCounter  my_rtc.o
    0x080024a8   0x080024a8   0x00000002   Code   RO          395    i.SVC_Handler       stm32f1xx_it.o
    0x080024aa   0x080024aa   0x00000002   PAD
    0x080024ac   0x080024ac   0x000000a4   Code   RO         3916    i.ShowTime          maintask.o
    0x08002550   0x08002550   0x00000004   Code   RO          396    i.SysTick_Handler   stm32f1xx_it.o
    0x08002554   0x08002554   0x00000080   Code   RO           14    i.SystemClock_Config  main.o
    0x080025d4   0x080025d4   0x00000002   Code   RO         3547    i.SystemInit        system_stm32f1xx.o
    0x080025d6   0x080025d6   0x00000002   PAD
    0x080025d8   0x080025d8   0x00000078   Code   RO         2305    i.TIM_Base_SetConfig  stm32f1xx_hal_tim.o
    0x08002650   0x08002650   0x0000001a   Code   RO         2306    i.TIM_CCxChannelCmd  stm32f1xx_hal_tim.o
    0x0800266a   0x0800266a   0x00000002   PAD
    0x0800266c   0x0800266c   0x000000b8   Code   RO         3239    i.UART_SetConfig    stm32f1xx_hal_uart.o
    0x08002724   0x08002724   0x00000002   Code   RO          397    i.UsageFault_Handler  stm32f1xx_it.o
    0x08002726   0x08002726   0x00000020   Code   RO         1451    i.__NVIC_SetPriority  stm32f1xx_hal_cortex.o
    0x08002746   0x08002746   0x0000000e   Code   RO         4049    i._is_digit         c_w.l(__printf_wp.o)
    0x08002754   0x08002754   0x00000048   Code   RO         4000    i.isKeyClicked      key.o
    0x0800279c   0x0800279c   0x00000026   Code   RO           15    i.main              main.o
    0x080027c2   0x080027c2   0x00000002   PAD
    0x080027c4   0x080027c4   0x00000070   Code   RO         3917    i.maintask          maintask.o
    0x08002834   0x08002834   0x0000002c   Code   RO         3918    i.maintaskInit      maintask.o
    0x08002860   0x08002860   0x00000078   Code   RO         3919    i.onKnobBackward    maintask.o
    0x080028d8   0x080028d8   0x00000074   Code   RO         3920    i.onKnobForward     maintask.o
    0x0800294c   0x0800294c   0x00000048   Code   RO         3921    i.showCursor        maintask.o
    0x08002994   0x08002994   0x00000012   Data   RO         1149    .constdata          stm32f1xx_hal_rcc.o
    0x080029a6   0x080029a6   0x00000012   Data   RO         1241    .constdata          stm32f1xx_hal_rcc_ex.o
    0x080029b8   0x080029b8   0x00000010   Data   RO         3548    .constdata          system_stm32f1xx.o
    0x080029c8   0x080029c8   0x00000008   Data   RO         3549    .constdata          system_stm32f1xx.o
    0x080029d0   0x080029d0   0x000005f0   Data   RO         3784    .constdata          font.o
    0x08002fc0   0x08002fc0   0x00000008   Data   RO         3785    .constdata          font.o
    0x08002fc8   0x08002fc8   0x00000d5c   Data   RO         3786    .constdata          font.o
    0x08003d24   0x08003d24   0x00000008   Data   RO         3787    .constdata          font.o
    0x08003d2c   0x08003d2c   0x0000002c   Data   RO         3875    .constdata          my_rtc.o
    0x08003d58   0x08003d58   0x00000011   Data   RO         4052    .constdata          c_w.l(__printf_flags_wp.o)
    0x08003d69   0x08003d69   0x0000000c   Data   RO         4108    .constdata          c_w.l(_monlen.o)
    0x08003d75   0x08003d75   0x00000003   PAD
    0x08003d78   0x08003d78   0x00000020   Data   RO         4270    Region$$Table       anon$$obj.o


    Execution Region RW_IRAM1 (Exec base: 0x20000000, Load base: 0x08003d98, Size: 0x00000cb8, Max: 0x00005000, ABSOLUTE)

    Exec Addr    Load Addr    Size         Type   Attr      Idx    E Section Name        Object

    0x20000000   0x08003d98   0x0000000c   Data   RW          986    .data               stm32f1xx_hal.o
    0x2000000c   0x08003da4   0x00000004   Data   RW         3550    .data               system_stm32f1xx.o
    0x20000010   0x08003da8   0x00000004   Data   RW         3612    .data               oled.o
    0x20000014   0x08003dac   0x00000008   Data   RW         3818    .data               knob.o
    0x2000001c   0x08003db4   0x00000066   Data   RW         3923    .data               maintask.o
    0x20000082   0x08003e1a   0x00000001   Data   RW         4001    .data               key.o
    0x20000083   0x08003e1b   0x00000001   PAD
    0x20000084        -       0x00000054   Zero   RW          221    .bss                i2c.o
    0x200000d8        -       0x00000014   Zero   RW          263    .bss                rtc.o
    0x200000ec        -       0x00000048   Zero   RW          308    .bss                tim.o
    0x20000134        -       0x00000048   Zero   RW          350    .bss                usart.o
    0x2000017c        -       0x00000481   Zero   RW         3611    .bss                oled.o
    0x200005fd   0x08003e1b   0x00000003   PAD
    0x20000600        -       0x0000002c   Zero   RW         3922    .bss                maintask.o
    0x2000062c        -       0x0000002c   Zero   RW         4074    .bss                c_w.l(localtime.o)
    0x20000658        -       0x00000060   Zero   RW         4144    .bss                c_w.l(libspace.o)
    0x200006b8        -       0x00000200   Zero   RW            2    HEAP                startup_stm32f103xb.o
    0x200008b8        -       0x00000400   Zero   RW            1    STACK               startup_stm32f103xb.o


==============================================================================

Image component sizes


      Code (inc. data)   RO Data    RW Data    ZI Data      Debug   Object Name

         0          0       4956          0          0       1764   font.o
       104          8          0          0          0        891   gpio.o
       156         26          0          0         84       1561   i2c.o
        72          8          0          1          0        555   key.o
       112         30          0          8          0       3224   knob.o
       170          0          0          0          0     444508   main.o
       628         94          0        102         44       5174   maintask.o
       256         20         44          0          0       3008   my_rtc.o
      1064         40          0          4       1153      10653   oled.o
        84         22          0          0         20       1411   rtc.o
        64         26        236          0       1536        792   startup_stm32f103xb.o
       164         28          0         12          0       5761   stm32f1xx_hal.o
       172         14          0          0          0      28198   stm32f1xx_hal_cortex.o
       490         34          0          0          0       2839   stm32f1xx_hal_gpio.o
      1398         32          0          0          0       8949   stm32f1xx_hal_i2c.o
        60          8          0          0          0        838   stm32f1xx_hal_msp.o
        12          4          0          0          0        495   stm32f1xx_hal_pwr.o
      1240         84         18          0          0       5016   stm32f1xx_hal_rcc.o
       400         28         18          0          0       2417   stm32f1xx_hal_rcc_ex.o
       312          4          0          0          0       3624   stm32f1xx_hal_rtc.o
        32         10          0          0          0       1587   stm32f1xx_hal_rtc_ex.o
       452         12          0          0          0       4594   stm32f1xx_hal_tim.o
       104         12          0          0          0       1324   stm32f1xx_hal_tim_ex.o
       284          6          0          0          0       1880   stm32f1xx_hal_uart.o
        20          0          0          0          0       3722   stm32f1xx_it.o
         2          0         24          4          0       1067   system_stm32f1xx.o
       200         24          0          0         72       1665   tim.o
       168         20          0          0         72       1614   usart.o

    ----------------------------------------------------------------------
      8248        594       5328        132       2984     549131   Object Totals
         0          0         32          0          0          0   (incl. Generated)
        28          0          0          1          3          0   (incl. Padding)

    ----------------------------------------------------------------------

      Code (inc. data)   RO Data    RW Data    ZI Data      Debug   Library Member Name

         8          0          0          0          0         68   __main.o
       312          4         17          0          0         92   __printf_flags_wp.o
        14          0          0          0          0         68   __printf_wp.o
         0          0          0          0          0          0   __rtentry.o
        12          0          0          0          0          0   __rtentry2.o
         6          0          0          0          0          0   __rtentry4.o
        52          8          0          0          0          0   __scatter.o
        26          0          0          0          0          0   __scatter_copy.o
        28          0          0          0          0          0   __scatter_zi.o
         0          0         12          0          0          0   _monlen.o
        48          6          0          0          0         96   _printf_char_common.o
         6          0          0          0          0          0   _printf_d.o
       120         16          0          0          0         92   _printf_dec.o
       178          0          0          0          0         88   _printf_intcommon.o
        78          0          0          0          0        108   _printf_pad.o
         0          0          0          0          0          0   _printf_percent.o
         4          0          0          0          0          0   _printf_percent_end.o
        10          0          0          0          0         68   _sputc.o
        18          0          0          0          0         80   exit.o
         6          0          0          0          0        152   heapauxi.o
         0          0          0          0          0          0   indicate_semi.o
         2          0          0          0          0          0   libinit.o
         2          0          0          0          0          0   libinit2.o
         2          0          0          0          0          0   libshutdown.o
         2          0          0          0          0          0   libshutdown2.o
         8          4          0          0         96         68   libspace.o
        12          6          0          0         44         68   localtime.o
       184          6          0          0          0         80   localtime_internal.o
       428         10          0          0          0        116   mktime.o
        40          6          0          0          0         84   noretval__2sprintf.o
        68          0          0          0          0         68   rt_memclr.o
        78          0          0          0          0         80   rt_memclr_w.o
       138          0          0          0          0         68   rt_memcpy_v6.o
       100          0          0          0          0         80   rt_memcpy_w.o
         2          0          0          0          0          0   rtexit.o
        10          0          0          0          0          0   rtexit2.o
        62          0          0          0          0         76   strlen.o
        12          4          0          0          0         68   sys_exit.o
        74          0          0          0          0         80   sys_stackheap_outer.o
         2          0          0          0          0         68   use_no_semi.o

    ----------------------------------------------------------------------
      2160         70         32          0        140       1916   Library Totals
         8          0          3          0          0          0   (incl. Padding)

    ----------------------------------------------------------------------

      Code (inc. data)   RO Data    RW Data    ZI Data      Debug   Library Name

      2152         70         29          0        140       1916   c_w.l

    ----------------------------------------------------------------------
      2160         70         32          0        140       1916   Library Totals

    ----------------------------------------------------------------------

==============================================================================


      Code (inc. data)   RO Data    RW Data    ZI Data      Debug   

     10408        664       5360        132       3124     545583   Grand Totals
     10408        664       5360        132       3124     545583   ELF Image Totals
     10408        664       5360        132          0          0   ROM Totals

==============================================================================

    Total RO  Size (Code + RO Data)                15768 (  15.40kB)
    Total RW  Size (RW Data + ZI Data)              3256 (   3.18kB)
    Total ROM Size (Code + RO Data + RW Data)      15900 (  15.53kB)

==============================================================================

